2025-08-20 13:25:55 | INFO | services.auth_service | Worker-20344 | User logged out
2025-08-20 13:26:00 | INFO | services.auth_service | Worker-20344 | === LOGIN ATTEMPT DEBUG ===
2025-08-20 13:26:00 | INFO | services.auth_service | Worker-20344 | Received username: 'vsbec' (length: 5)
2025-08-20 13:26:00 | INFO | services.auth_service | Worker-20344 | Received password: 'vsbec' (length: 5)
2025-08-20 13:26:00 | INFO | services.auth_service | Worker-20344 | Expected username: 'vsbec' (length: 5)
2025-08-20 13:26:00 | INFO | services.auth_service | Worker-20344 | Expected password: 'vsbec' (length: 5)
2025-08-20 13:26:00 | INFO | services.auth_service | Worker-20344 | Username match: True
2025-08-20 13:26:00 | INFO | services.auth_service | Worker-20344 | Password match: True
2025-08-20 13:26:00 | INFO | services.auth_service | Worker-20344 | === END DEBUG ===
2025-08-20 13:27:24 | INFO | pdf_service | Worker-20704 | {"message": "Starting PDF text extraction", "data": {"file_path": "C:\\Shyamnath\\learning2\\learning\\books\\Ikigai - The Japanese secret to a long and happy life(1).pdf"}, "timestamp": "2025-08-20T07:57:24.911117", "logger": "pdf_service"}
2025-08-20 13:27:24 | INFO | pdf_service | Worker-20704 | {"message": "Cache miss - extracting text from PDF", "data": {"file_path": "C:\\Shyamnath\\learning2\\learning\\books\\Ikigai - The Japanese secret to a long and happy life(1).pdf"}, "timestamp": "2025-08-20T07:57:24.912170", "logger": "pdf_service"}
2025-08-20 13:27:25 | INFO | pdf_service | Worker-20704 | {"message": "PDF loaded successfully", "data": {"file_path": "C:\\Shyamnath\\learning2\\learning\\books\\Ikigai - The Japanese secret to a long and happy life(1).pdf", "pages": 123}, "timestamp": "2025-08-20T07:57:25.026090", "logger": "pdf_service"}
2025-08-20 13:27:28 | INFO | pdf_service | Worker-20704 | {"message": "Text extraction completed", "data": {"file_path": "C:\\Shyamnath\\learning2\\learning\\books\\Ikigai - The Japanese secret to a long and happy life(1).pdf", "extracted_length": 191455}, "timestamp": "2025-08-20T07:57:28.144375", "logger": "pdf_service"}
2025-08-20 13:27:28 | INFO | cache | Worker-20704 | {"message": "Successfully cached text", "data": {"file_path": "C:\\Shyamnath\\learning2\\learning\\books\\Ikigai - The Japanese secret to a long and happy life(1).pdf", "cache_key": "325f3d5cc8c0c9f243d5f4217a542102"}, "timestamp": "2025-08-20T07:57:28.149755", "logger": "cache"}
2025-08-20 13:27:28 | INFO | pdf_service | Worker-20704 | {"message": "Successfully cached extracted text", "data": {"file_path": "C:\\Shyamnath\\learning2\\learning\\books\\Ikigai - The Japanese secret to a long and happy life(1).pdf"}, "timestamp": "2025-08-20T07:57:28.151260", "logger": "pdf_service"}
2025-08-20 13:29:23 | INFO | services.auth_service | Worker-20704 | User logged out
2025-08-20 13:29:27 | INFO | services.auth_service | Worker-20704 | === LOGIN ATTEMPT DEBUG ===
2025-08-20 13:29:27 | INFO | services.auth_service | Worker-20704 | Received username: 'vsbec' (length: 5)
2025-08-20 13:29:27 | INFO | services.auth_service | Worker-20704 | Received password: 'vsbec' (length: 5)
2025-08-20 13:29:27 | INFO | services.auth_service | Worker-20704 | Expected username: 'vsbec' (length: 5)
2025-08-20 13:29:27 | INFO | services.auth_service | Worker-20704 | Expected password: 'vsbec' (length: 5)
2025-08-20 13:29:27 | INFO | services.auth_service | Worker-20704 | Username match: True
2025-08-20 13:29:27 | INFO | services.auth_service | Worker-20704 | Password match: True
2025-08-20 13:29:27 | INFO | services.auth_service | Worker-20704 | === END DEBUG ===
2025-08-20 13:29:32 | INFO | pdf_service | Worker-20704 | {"message": "Starting PDF text extraction", "data": {"file_path": "C:\\Shyamnath\\learning2\\learning\\books\\Ikigai - The Japanese secret to a long and happy life(2).pdf"}, "timestamp": "2025-08-20T07:59:32.108692", "logger": "pdf_service"}
2025-08-20 13:29:32 | INFO | pdf_service | Worker-20704 | {"message": "Cache miss - extracting text from PDF", "data": {"file_path": "C:\\Shyamnath\\learning2\\learning\\books\\Ikigai - The Japanese secret to a long and happy life(2).pdf"}, "timestamp": "2025-08-20T07:59:32.109709", "logger": "pdf_service"}
2025-08-20 13:29:32 | INFO | pdf_service | Worker-20704 | {"message": "PDF loaded successfully", "data": {"file_path": "C:\\Shyamnath\\learning2\\learning\\books\\Ikigai - The Japanese secret to a long and happy life(2).pdf", "pages": 123}, "timestamp": "2025-08-20T07:59:32.147055", "logger": "pdf_service"}
2025-08-20 13:29:36 | INFO | pdf_service | Worker-20704 | {"message": "Text extraction completed", "data": {"file_path": "C:\\Shyamnath\\learning2\\learning\\books\\Ikigai - The Japanese secret to a long and happy life(2).pdf", "extracted_length": 191455}, "timestamp": "2025-08-20T07:59:36.332970", "logger": "pdf_service"}
2025-08-20 13:29:36 | INFO | cache | Worker-20704 | {"message": "Successfully cached text", "data": {"file_path": "C:\\Shyamnath\\learning2\\learning\\books\\Ikigai - The Japanese secret to a long and happy life(2).pdf", "cache_key": "1ad676fb2b37da2bdc5146ba29fd43f7"}, "timestamp": "2025-08-20T07:59:36.339106", "logger": "cache"}
2025-08-20 13:29:36 | INFO | pdf_service | Worker-20704 | {"message": "Successfully cached extracted text", "data": {"file_path": "C:\\Shyamnath\\learning2\\learning\\books\\Ikigai - The Japanese secret to a long and happy life(2).pdf"}, "timestamp": "2025-08-20T07:59:36.341707", "logger": "pdf_service"}
2025-08-20 13:29:36 | INFO | pdf_service | Worker-20704 | {"message": "Starting PDF text extraction", "data": {"file_path": "C:\\Shyamnath\\learning2\\learning\\books\\Ikigai - The Japanese secret to a long and happy life(2).pdf"}, "timestamp": "2025-08-20T07:59:36.347631", "logger": "pdf_service"}
2025-08-20 13:29:36 | INFO | cache | Worker-20704 | {"message": "Cache hit", "data": {"file_path": "C:\\Shyamnath\\learning2\\learning\\books\\Ikigai - The Japanese secret to a long and happy life(2).pdf", "cached_at": "2025-08-20T13:29:36.334034"}, "timestamp": "2025-08-20T07:59:36.378522", "logger": "cache"}
2025-08-20 13:29:36 | INFO | pdf_service | Worker-20704 | {"message": "Using cached text", "data": {"file_path": "C:\\Shyamnath\\learning2\\learning\\books\\Ikigai - The Japanese secret to a long and happy life(2).pdf", "text_length": 191455}, "timestamp": "2025-08-20T07:59:36.379042", "logger": "pdf_service"}
2025-08-20 13:32:26 | INFO | services.auth_service | Worker-20704 | === LOGIN ATTEMPT DEBUG ===
2025-08-20 13:32:26 | INFO | services.auth_service | Worker-20704 | Received username: 'vsbec' (length: 5)
2025-08-20 13:32:26 | INFO | services.auth_service | Worker-20704 | Received password: 'vsbec' (length: 5)
2025-08-20 13:32:26 | INFO | services.auth_service | Worker-20704 | Expected username: 'vsbec' (length: 5)
2025-08-20 13:32:26 | INFO | services.auth_service | Worker-20704 | Expected password: 'vsbec' (length: 5)
2025-08-20 13:32:26 | INFO | services.auth_service | Worker-20704 | Username match: True
2025-08-20 13:32:26 | INFO | services.auth_service | Worker-20704 | Password match: True
2025-08-20 13:32:26 | INFO | services.auth_service | Worker-20704 | === END DEBUG ===
2025-08-20 13:32:37 | INFO | pdf_service | Worker-20704 | {"message": "Starting PDF text extraction", "data": {"file_path": "C:\\Shyamnath\\learning2\\learning\\books\\The-Mom-Test-en.pdf"}, "timestamp": "2025-08-20T08:02:37.085092", "logger": "pdf_service"}
2025-08-20 13:32:37 | INFO | pdf_service | Worker-20704 | {"message": "Cache miss - extracting text from PDF", "data": {"file_path": "C:\\Shyamnath\\learning2\\learning\\books\\The-Mom-Test-en.pdf"}, "timestamp": "2025-08-20T08:02:37.086247", "logger": "pdf_service"}
2025-08-20 13:32:37 | INFO | pdf_service | Worker-20704 | {"message": "PDF loaded successfully", "data": {"file_path": "C:\\Shyamnath\\learning2\\learning\\books\\The-Mom-Test-en.pdf", "pages": 122}, "timestamp": "2025-08-20T08:02:37.124855", "logger": "pdf_service"}
2025-08-20 13:32:39 | INFO | pdf_service | Worker-20704 | {"message": "Text extraction completed", "data": {"file_path": "C:\\Shyamnath\\learning2\\learning\\books\\The-Mom-Test-en.pdf", "extracted_length": 176764}, "timestamp": "2025-08-20T08:02:39.375574", "logger": "pdf_service"}
2025-08-20 13:32:39 | INFO | cache | Worker-20704 | {"message": "Successfully cached text", "data": {"file_path": "C:\\Shyamnath\\learning2\\learning\\books\\The-Mom-Test-en.pdf", "cache_key": "45e06d75076d1d27dd6638c09f5f4992"}, "timestamp": "2025-08-20T08:02:39.378465", "logger": "cache"}
2025-08-20 13:32:39 | INFO | pdf_service | Worker-20704 | {"message": "Successfully cached extracted text", "data": {"file_path": "C:\\Shyamnath\\learning2\\learning\\books\\The-Mom-Test-en.pdf"}, "timestamp": "2025-08-20T08:02:39.378822", "logger": "pdf_service"}
2025-08-20 13:32:39 | INFO | pdf_service | Worker-20704 | {"message": "Starting PDF text extraction", "data": {"file_path": "C:\\Shyamnath\\learning2\\learning\\books\\The-Mom-Test-en.pdf"}, "timestamp": "2025-08-20T08:02:39.442965", "logger": "pdf_service"}
2025-08-20 13:32:39 | INFO | cache | Worker-20704 | {"message": "Cache hit", "data": {"file_path": "C:\\Shyamnath\\learning2\\learning\\books\\The-Mom-Test-en.pdf", "cached_at": "2025-08-20T13:32:39.376126"}, "timestamp": "2025-08-20T08:02:39.461225", "logger": "cache"}
2025-08-20 13:32:39 | INFO | pdf_service | Worker-20704 | {"message": "Using cached text", "data": {"file_path": "C:\\Shyamnath\\learning2\\learning\\books\\The-Mom-Test-en.pdf", "text_length": 176764}, "timestamp": "2025-08-20T08:02:39.461855", "logger": "pdf_service"}
2025-08-20 13:33:03 | INFO | chat_service | Worker-20704 | Successfully generated response for token user_d8dcefc3af94, length: 2162
2025-08-20 13:33:11 | INFO | chat_service | Worker-20704 | Successfully generated response for token user_260ce1a54922, length: 2927
2025-08-20 13:33:44 | INFO | chat_service | Worker-20704 | Successfully generated response for token user_d8dcefc3af94, length: 6257
2025-08-20 13:33:46 | INFO | chat_service | Worker-20704 | Successfully generated response for token user_260ce1a54922, length: 6541
2025-09-02 11:53:54 | INFO | pdf_service | Worker-32168 | {"message": "Starting PDF text extraction", "data": {"file_path": "D:\\learning\\books\\Ikigai - The Japanese secret to a long and happy life(2)(1).pdf"}, "timestamp": "2025-09-02T06:23:54.397508", "logger": "pdf_service"}
2025-09-02 11:53:54 | INFO | pdf_service | Worker-32168 | {"message": "Cache miss - extracting text from PDF", "data": {"file_path": "D:\\learning\\books\\Ikigai - The Japanese secret to a long and happy life(2)(1).pdf"}, "timestamp": "2025-09-02T06:23:54.398509", "logger": "pdf_service"}
2025-09-02 11:53:54 | INFO | pdf_service | Worker-32168 | {"message": "PDF loaded successfully", "data": {"file_path": "D:\\learning\\books\\Ikigai - The Japanese secret to a long and happy life(2)(1).pdf", "pages": 123}, "timestamp": "2025-09-02T06:23:54.823342", "logger": "pdf_service"}
2025-09-02 11:54:01 | INFO | pdf_service | Worker-32168 | {"message": "Text extraction completed", "data": {"file_path": "D:\\learning\\books\\Ikigai - The Japanese secret to a long and happy life(2)(1).pdf", "extracted_length": 191455}, "timestamp": "2025-09-02T06:24:01.663855", "logger": "pdf_service"}
2025-09-02 11:54:01 | INFO | cache | Worker-32168 | {"message": "Successfully cached text", "data": {"file_path": "D:\\learning\\books\\Ikigai - The Japanese secret to a long and happy life(2)(1).pdf", "cache_key": "398665ee396b7a63a69dc1c0cef90b4e"}, "timestamp": "2025-09-02T06:24:01.672868", "logger": "cache"}
2025-09-02 11:54:01 | INFO | pdf_service | Worker-32168 | {"message": "Successfully cached extracted text", "data": {"file_path": "D:\\learning\\books\\Ikigai - The Japanese secret to a long and happy life(2)(1).pdf"}, "timestamp": "2025-09-02T06:24:01.672868", "logger": "pdf_service"}
2025-09-02 11:54:01 | INFO | pdf_service | Worker-32168 | {"message": "Starting PDF text extraction", "data": {"file_path": "D:\\learning\\books\\Ikigai - The Japanese secret to a long and happy life(2)(1).pdf"}, "timestamp": "2025-09-02T06:24:01.687219", "logger": "pdf_service"}
2025-09-02 11:54:01 | INFO | cache | Worker-32168 | {"message": "Cache hit", "data": {"file_path": "D:\\learning\\books\\Ikigai - The Japanese secret to a long and happy life(2)(1).pdf", "cached_at": "2025-09-02T11:54:01.664868"}, "timestamp": "2025-09-02T06:24:01.694221", "logger": "cache"}
2025-09-02 11:54:01 | INFO | pdf_service | Worker-32168 | {"message": "Using cached text", "data": {"file_path": "D:\\learning\\books\\Ikigai - The Japanese secret to a long and happy life(2)(1).pdf", "text_length": 191455}, "timestamp": "2025-09-02T06:24:01.695216", "logger": "pdf_service"}
2025-09-02 12:00:45 | INFO | chat_service | Worker-32168 | Successfully generated response for token user_bb620ee0d79f, length: 625
2025-09-11 09:55:18 | INFO | services.auth_service | Worker-30260 | === LOGIN ATTEMPT DEBUG ===
2025-09-11 09:55:18 | INFO | services.auth_service | Worker-30260 | Received username: 'vsbec' (length: 5)
2025-09-11 09:55:18 | INFO | services.auth_service | Worker-30260 | Received password: 'vsbce' (length: 5)
2025-09-11 09:55:18 | INFO | services.auth_service | Worker-30260 | Expected username: 'vsbec' (length: 5)
2025-09-11 09:55:18 | INFO | services.auth_service | Worker-30260 | Expected password: 'vsbec' (length: 5)
2025-09-11 09:55:18 | INFO | services.auth_service | Worker-30260 | Username match: True
2025-09-11 09:55:18 | INFO | services.auth_service | Worker-30260 | Password match: False
2025-09-11 09:55:18 | INFO | services.auth_service | Worker-30260 | === END DEBUG ===
2025-09-11 09:55:22 | INFO | services.auth_service | Worker-30260 | === LOGIN ATTEMPT DEBUG ===
2025-09-11 09:55:22 | INFO | services.auth_service | Worker-30260 | Received username: 'vsbec' (length: 5)
2025-09-11 09:55:22 | INFO | services.auth_service | Worker-30260 | Received password: 'vsbec' (length: 5)
2025-09-11 09:55:22 | INFO | services.auth_service | Worker-30260 | Expected username: 'vsbec' (length: 5)
2025-09-11 09:55:22 | INFO | services.auth_service | Worker-30260 | Expected password: 'vsbec' (length: 5)
2025-09-11 09:55:22 | INFO | services.auth_service | Worker-30260 | Username match: True
2025-09-11 09:55:22 | INFO | services.auth_service | Worker-30260 | Password match: True
2025-09-11 09:55:22 | INFO | services.auth_service | Worker-30260 | === END DEBUG ===
2025-09-11 09:56:32 | INFO | pdf_service | Worker-30260 | {"message": "Starting PDF text extraction", "data": {"file_path": "D:\\Files\\learning\\books\\How-To-Win-Friends_Libtoon.com_.pdf"}, "timestamp": "2025-09-11T04:26:32.573467", "logger": "pdf_service"}
2025-09-11 09:56:32 | INFO | pdf_service | Worker-30260 | {"message": "Cache miss - extracting text from PDF", "data": {"file_path": "D:\\Files\\learning\\books\\How-To-Win-Friends_Libtoon.com_.pdf"}, "timestamp": "2025-09-11T04:26:32.574555", "logger": "pdf_service"}
2025-09-11 09:56:32 | INFO | pdf_service | Worker-30260 | {"message": "PDF loaded successfully", "data": {"file_path": "D:\\Files\\learning\\books\\How-To-Win-Friends_Libtoon.com_.pdf", "pages": 216}, "timestamp": "2025-09-11T04:26:32.705711", "logger": "pdf_service"}
2025-09-11 09:57:22 | INFO | pdf_service | Worker-30260 | {"message": "Text extraction completed", "data": {"file_path": "D:\\Files\\learning\\books\\How-To-Win-Friends_Libtoon.com_.pdf", "extracted_length": 430143}, "timestamp": "2025-09-11T04:27:22.483355", "logger": "pdf_service"}
2025-09-11 09:57:22 | INFO | cache | Worker-30260 | {"message": "Successfully cached text", "data": {"file_path": "D:\\Files\\learning\\books\\How-To-Win-Friends_Libtoon.com_.pdf", "cache_key": "724ac16311bbdb2326e5e253c7bdd6ee"}, "timestamp": "2025-09-11T04:27:22.494236", "logger": "cache"}
2025-09-11 09:57:22 | INFO | pdf_service | Worker-30260 | {"message": "Successfully cached extracted text", "data": {"file_path": "D:\\Files\\learning\\books\\How-To-Win-Friends_Libtoon.com_.pdf"}, "timestamp": "2025-09-11T04:27:22.495706", "logger": "pdf_service"}
2025-09-11 09:57:22 | INFO | pdf_service | Worker-30260 | {"message": "Starting PDF text extraction", "data": {"file_path": "D:\\Files\\learning\\books\\How-To-Win-Friends_Libtoon.com_.pdf"}, "timestamp": "2025-09-11T04:27:22.502740", "logger": "pdf_service"}
2025-09-11 09:57:22 | INFO | cache | Worker-30260 | {"message": "Cache hit", "data": {"file_path": "D:\\Files\\learning\\books\\How-To-Win-Friends_Libtoon.com_.pdf", "cached_at": "2025-09-11T09:57:22.484364"}, "timestamp": "2025-09-11T04:27:22.513656", "logger": "cache"}
2025-09-11 09:57:22 | INFO | pdf_service | Worker-30260 | {"message": "Using cached text", "data": {"file_path": "D:\\Files\\learning\\books\\How-To-Win-Friends_Libtoon.com_.pdf", "text_length": 430143}, "timestamp": "2025-09-11T04:27:22.514657", "logger": "pdf_service"}
2025-09-11 09:58:01 | INFO | chat_service | Worker-30260 | Successfully generated response for token user_1cac953e24ee, length: 969
2025-09-11 09:58:18 | INFO | chat_service | Worker-30260 | {"message": "Generating questions", "data": {"token": "user_1cac953e24ee", "topic": "", "count": 25, "mode": "practice"}, "timestamp": "2025-09-11T04:28:18.255435", "logger": "chat_service"}
2025-09-11 09:58:18 | INFO | chat_service | Worker-30260 | {"message": "Processing PDF for questions", "data": {"filename": "How-To-Win-Friends_Libtoon.com_.pdf", "content_length": 430143}, "timestamp": "2025-09-11T04:28:18.255435", "logger": "chat_service"}
2025-09-11 09:58:18 | INFO | chat_service | Worker-30260 | Sending request to Gemini AI
2025-09-11 09:58:26 | INFO | chat_service | Worker-30260 | Gemini AI response received
2025-09-11 09:58:26 | INFO | chat_service | Worker-30260 | {"message": "Gemini AI response received", "data": {"response_length": 2262}, "timestamp": "2025-09-11T04:28:26.426290", "logger": "chat_service"}
2025-09-11 09:58:35 | INFO | chat_service | Worker-30260 | Successfully generated response for token user_1cac953e24ee, length: 3666
2025-09-11 09:58:43 | INFO | chat_service | Worker-30260 | Successfully generated response for token user_1cac953e24ee, length: 2741
2025-09-11 10:01:19 | INFO | pdf_service | Worker-30260 | {"message": "Starting PDF text extraction", "data": {"file_path": "D:\\Files\\learning\\books\\the-5-am-club.pdf"}, "timestamp": "2025-09-11T04:31:19.444585", "logger": "pdf_service"}
2025-09-11 10:01:19 | INFO | pdf_service | Worker-30260 | {"message": "Cache miss - extracting text from PDF", "data": {"file_path": "D:\\Files\\learning\\books\\the-5-am-club.pdf"}, "timestamp": "2025-09-11T04:31:19.445593", "logger": "pdf_service"}
2025-09-11 10:01:19 | INFO | pdf_service | Worker-30260 | {"message": "PDF loaded successfully", "data": {"file_path": "D:\\Files\\learning\\books\\the-5-am-club.pdf", "pages": 252}, "timestamp": "2025-09-11T04:31:19.475967", "logger": "pdf_service"}
2025-09-11 10:01:35 | INFO | pdf_service | Worker-30260 | {"message": "Text extraction completed", "data": {"file_path": "D:\\Files\\learning\\books\\the-5-am-club.pdf", "extracted_length": 571329}, "timestamp": "2025-09-11T04:31:35.014256", "logger": "pdf_service"}
2025-09-11 10:01:35 | INFO | cache | Worker-30260 | {"message": "Successfully cached text", "data": {"file_path": "D:\\Files\\learning\\books\\the-5-am-club.pdf", "cache_key": "6fb9163520207ff9874bf5c1434a86e8"}, "timestamp": "2025-09-11T04:31:35.069670", "logger": "cache"}
2025-09-11 10:01:35 | INFO | pdf_service | Worker-30260 | {"message": "Successfully cached extracted text", "data": {"file_path": "D:\\Files\\learning\\books\\the-5-am-club.pdf"}, "timestamp": "2025-09-11T04:31:35.070857", "logger": "pdf_service"}
2025-09-11 10:01:35 | INFO | pdf_service | Worker-30260 | {"message": "Starting PDF text extraction", "data": {"file_path": "D:\\Files\\learning\\books\\the-5-am-club.pdf"}, "timestamp": "2025-09-11T04:31:35.075007", "logger": "pdf_service"}
2025-09-11 10:01:35 | INFO | cache | Worker-30260 | {"message": "Cache hit", "data": {"file_path": "D:\\Files\\learning\\books\\the-5-am-club.pdf", "cached_at": "2025-09-11T10:01:35.015258"}, "timestamp": "2025-09-11T04:31:35.083159", "logger": "cache"}
2025-09-11 10:01:35 | INFO | pdf_service | Worker-30260 | {"message": "Using cached text", "data": {"file_path": "D:\\Files\\learning\\books\\the-5-am-club.pdf", "text_length": 571329}, "timestamp": "2025-09-11T04:31:35.084163", "logger": "pdf_service"}
2025-09-11 10:01:48 | INFO | chat_service | Worker-30260 | {"message": "Generating questions", "data": {"token": "user_1cac953e24ee", "topic": "", "count": 25, "mode": "practice"}, "timestamp": "2025-09-11T04:31:48.440248", "logger": "chat_service"}
2025-09-11 10:01:48 | INFO | chat_service | Worker-30260 | {"message": "Processing PDF for questions", "data": {"filename": "the-5-am-club.pdf", "content_length": 571329}, "timestamp": "2025-09-11T04:31:48.441247", "logger": "chat_service"}
2025-09-11 10:01:48 | INFO | chat_service | Worker-30260 | Sending request to Gemini AI
2025-09-11 10:01:56 | INFO | chat_service | Worker-30260 | Gemini AI response received
2025-09-11 10:01:56 | INFO | chat_service | Worker-30260 | {"message": "Gemini AI response received", "data": {"response_length": 2507}, "timestamp": "2025-09-11T04:31:56.350669", "logger": "chat_service"}
2025-09-11 10:02:03 | INFO | chat_service | Worker-30260 | Successfully generated response for token user_1cac953e24ee, length: 1474
2025-09-11 10:02:16 | INFO | chat_service | Worker-30260 | {"message": "Generating questions", "data": {"token": "user_1cac953e24ee", "topic": "", "count": 10, "mode": "quiz"}, "timestamp": "2025-09-11T04:32:16.993016", "logger": "chat_service"}
2025-09-11 10:02:16 | INFO | chat_service | Worker-30260 | {"message": "Processing PDF for questions", "data": {"filename": "the-5-am-club.pdf", "content_length": 571329}, "timestamp": "2025-09-11T04:32:16.994030", "logger": "chat_service"}
2025-09-11 10:02:16 | INFO | chat_service | Worker-30260 | Sending request to Gemini AI
2025-09-11 10:02:24 | INFO | chat_service | Worker-30260 | Gemini AI response received
2025-09-11 10:02:24 | INFO | chat_service | Worker-30260 | {"message": "Gemini AI response received", "data": {"response_length": 3502}, "timestamp": "2025-09-11T04:32:24.325731", "logger": "chat_service"}
2025-09-11 10:05:55 | INFO | chat_service | Worker-30260 | Successfully generated response for token user_1cac953e24ee, length: 2996
2025-09-11 10:09:39 | INFO | pdf_service | Worker-30260 | {"message": "Starting PDF text extraction", "data": {"file_path": "D:\\Files\\learning\\books\\Five Love Languages.pdf"}, "timestamp": "2025-09-11T04:39:39.334300", "logger": "pdf_service"}
2025-09-11 10:09:39 | INFO | pdf_service | Worker-30260 | {"message": "Cache miss - extracting text from PDF", "data": {"file_path": "D:\\Files\\learning\\books\\Five Love Languages.pdf"}, "timestamp": "2025-09-11T04:39:39.335807", "logger": "pdf_service"}
2025-09-11 10:09:39 | INFO | pdf_service | Worker-30260 | {"message": "PDF loaded successfully", "data": {"file_path": "D:\\Files\\learning\\books\\Five Love Languages.pdf", "pages": 272}, "timestamp": "2025-09-11T04:39:39.363360", "logger": "pdf_service"}
2025-09-11 10:09:47 | INFO | pdf_service | Worker-30260 | {"message": "Text extraction completed", "data": {"file_path": "D:\\Files\\learning\\books\\Five Love Languages.pdf", "extracted_length": 272564}, "timestamp": "2025-09-11T04:39:47.076171", "logger": "pdf_service"}
2025-09-11 10:09:47 | INFO | cache | Worker-30260 | {"message": "Successfully cached text", "data": {"file_path": "D:\\Files\\learning\\books\\Five Love Languages.pdf", "cache_key": "016e958cb52bc9cfd1974605c481d145"}, "timestamp": "2025-09-11T04:39:47.082508", "logger": "cache"}
2025-09-11 10:09:47 | INFO | pdf_service | Worker-30260 | {"message": "Successfully cached extracted text", "data": {"file_path": "D:\\Files\\learning\\books\\Five Love Languages.pdf"}, "timestamp": "2025-09-11T04:39:47.082508", "logger": "pdf_service"}
2025-09-11 10:09:47 | INFO | pdf_service | Worker-30260 | {"message": "Starting PDF text extraction", "data": {"file_path": "D:\\Files\\learning\\books\\Five Love Languages.pdf"}, "timestamp": "2025-09-11T04:39:47.088663", "logger": "pdf_service"}
2025-09-11 10:09:47 | INFO | cache | Worker-30260 | {"message": "Cache hit", "data": {"file_path": "D:\\Files\\learning\\books\\Five Love Languages.pdf", "cached_at": "2025-09-11T10:09:47.077172"}, "timestamp": "2025-09-11T04:39:47.091662", "logger": "cache"}
2025-09-11 10:09:47 | INFO | pdf_service | Worker-30260 | {"message": "Using cached text", "data": {"file_path": "D:\\Files\\learning\\books\\Five Love Languages.pdf", "text_length": 272564}, "timestamp": "2025-09-11T04:39:47.092675", "logger": "pdf_service"}
2025-09-11 13:30:22 | INFO | pdf_service | Worker-26660 | {"message": "Starting PDF text extraction", "data": {"file_path": "D:\\Files\\learning\\books\\Do-It-Today-PDF.pdf"}, "timestamp": "2025-09-11T08:00:22.017024", "logger": "pdf_service"}
2025-09-11 13:30:22 | INFO | pdf_service | Worker-26660 | {"message": "Cache miss - extracting text from PDF", "data": {"file_path": "D:\\Files\\learning\\books\\Do-It-Today-PDF.pdf"}, "timestamp": "2025-09-11T08:00:22.018039", "logger": "pdf_service"}
2025-09-11 13:30:22 | INFO | pdf_service | Worker-26660 | {"message": "PDF loaded successfully", "data": {"file_path": "D:\\Files\\learning\\books\\Do-It-Today-PDF.pdf", "pages": 135}, "timestamp": "2025-09-11T08:00:22.124444", "logger": "pdf_service"}
2025-09-11 13:30:23 | INFO | pdf_service | Worker-26660 | {"message": "Text extraction completed", "data": {"file_path": "D:\\Files\\learning\\books\\Do-It-Today-PDF.pdf", "extracted_length": 174191}, "timestamp": "2025-09-11T08:00:23.533733", "logger": "pdf_service"}
2025-09-11 13:30:23 | INFO | cache | Worker-26660 | {"message": "Successfully cached text", "data": {"file_path": "D:\\Files\\learning\\books\\Do-It-Today-PDF.pdf", "cache_key": "609ac950a40b03a5251c05b8f4e1c334"}, "timestamp": "2025-09-11T08:00:23.537731", "logger": "cache"}
2025-09-11 13:30:23 | INFO | pdf_service | Worker-26660 | {"message": "Successfully cached extracted text", "data": {"file_path": "D:\\Files\\learning\\books\\Do-It-Today-PDF.pdf"}, "timestamp": "2025-09-11T08:00:23.538710", "logger": "pdf_service"}
2025-09-11 13:30:23 | INFO | pdf_service | Worker-26660 | {"message": "Starting PDF text extraction", "data": {"file_path": "D:\\Files\\learning\\books\\Do-It-Today-PDF.pdf"}, "timestamp": "2025-09-11T08:00:23.546249", "logger": "pdf_service"}
2025-09-11 13:30:23 | INFO | cache | Worker-26660 | {"message": "Cache hit", "data": {"file_path": "D:\\Files\\learning\\books\\Do-It-Today-PDF.pdf", "cached_at": "2025-09-11T13:30:23.533733"}, "timestamp": "2025-09-11T08:00:23.550295", "logger": "cache"}
2025-09-11 13:30:23 | INFO | pdf_service | Worker-26660 | {"message": "Using cached text", "data": {"file_path": "D:\\Files\\learning\\books\\Do-It-Today-PDF.pdf", "text_length": 174191}, "timestamp": "2025-09-11T08:00:23.550295", "logger": "pdf_service"}
2025-09-11 13:30:46 | INFO | chat_service | Worker-26660 | Successfully generated response for token user_c8324b246aa0, length: 890
2025-09-11 13:31:37 | INFO | chat_service | Worker-26660 | {"message": "Generating questions", "data": {"token": "user_c8324b246aa0", "topic": "", "count": 10, "mode": "practice"}, "timestamp": "2025-09-11T08:01:37.051801", "logger": "chat_service"}
2025-09-11 13:31:37 | INFO | chat_service | Worker-26660 | {"message": "Processing PDF for questions", "data": {"filename": "Do-It-Today-PDF.pdf", "content_length": 174191}, "timestamp": "2025-09-11T08:01:37.052800", "logger": "chat_service"}
2025-09-11 13:31:37 | INFO | chat_service | Worker-26660 | Sending request to Gemini AI
2025-09-11 13:31:43 | INFO | chat_service | Worker-26660 | Gemini AI response received
2025-09-11 13:31:43 | INFO | chat_service | Worker-26660 | {"message": "Gemini AI response received", "data": {"response_length": 1676}, "timestamp": "2025-09-11T08:01:43.562048", "logger": "chat_service"}
2025-09-11 13:31:54 | INFO | chat_service | Worker-26660 | {"message": "Generating questions", "data": {"token": "user_c8324b246aa0", "topic": "", "count": 10, "mode": "practice"}, "timestamp": "2025-09-11T08:01:54.445063", "logger": "chat_service"}
2025-09-11 13:31:54 | INFO | chat_service | Worker-26660 | {"message": "Processing PDF for questions", "data": {"filename": "Do-It-Today-PDF.pdf", "content_length": 174191}, "timestamp": "2025-09-11T08:01:54.446063", "logger": "chat_service"}
2025-09-11 13:31:54 | INFO | chat_service | Worker-26660 | Sending request to Gemini AI
2025-09-11 13:31:59 | INFO | chat_service | Worker-26660 | Gemini AI response received
2025-09-11 13:31:59 | INFO | chat_service | Worker-26660 | {"message": "Gemini AI response received", "data": {"response_length": 1405}, "timestamp": "2025-09-11T08:01:59.152949", "logger": "chat_service"}
2025-09-11 13:32:21 | INFO | chat_service | Worker-26660 | Successfully generated response for token user_c8324b246aa0, length: 2090
2025-09-11 13:32:32 | INFO | chat_service | Worker-26660 | Successfully generated response for token user_c8324b246aa0, length: 2169
2025-09-11 13:33:01 | INFO | chat_service | Worker-26660 | {"message": "Generating questions", "data": {"token": "user_c8324b246aa0", "topic": "", "count": 10, "mode": "practice"}, "timestamp": "2025-09-11T08:03:01.057945", "logger": "chat_service"}
2025-09-11 13:33:01 | INFO | chat_service | Worker-26660 | {"message": "Processing PDF for questions", "data": {"filename": "Do-It-Today-PDF.pdf", "content_length": 174191}, "timestamp": "2025-09-11T08:03:01.059531", "logger": "chat_service"}
2025-09-11 13:33:01 | INFO | chat_service | Worker-26660 | Sending request to Gemini AI
2025-09-11 13:33:05 | INFO | chat_service | Worker-26660 | Gemini AI response received
2025-09-11 13:33:05 | INFO | chat_service | Worker-26660 | {"message": "Gemini AI response received", "data": {"response_length": 1407}, "timestamp": "2025-09-11T08:03:05.806331", "logger": "chat_service"}
2025-09-11 13:34:59 | INFO | chat_service | Worker-26660 | Successfully generated response for token user_c8324b246aa0, length: 3578
2025-09-11 13:35:42 | INFO | chat_service | Worker-26660 | {"message": "Generating questions", "data": {"token": "user_c8324b246aa0", "topic": "author philosophy", "count": 10, "mode": "practice"}, "timestamp": "2025-09-11T08:05:42.059958", "logger": "chat_service"}
2025-09-11 13:35:42 | INFO | chat_service | Worker-26660 | {"message": "Processing PDF for questions", "data": {"filename": "Do-It-Today-PDF.pdf", "content_length": 174191}, "timestamp": "2025-09-11T08:05:42.060467", "logger": "chat_service"}
2025-09-11 13:35:42 | INFO | chat_service | Worker-26660 | Sending request to Gemini AI
2025-09-11 13:35:49 | INFO | chat_service | Worker-26660 | Gemini AI response received
2025-09-11 13:35:49 | INFO | chat_service | Worker-26660 | {"message": "Gemini AI response received", "data": {"response_length": 1300}, "timestamp": "2025-09-11T08:05:49.195449", "logger": "chat_service"}
2025-09-11 13:39:07 | INFO | pdf_service | Worker-26660 | {"message": "Starting PDF text extraction", "data": {"file_path": "D:\\Files\\learning\\books\\Five Love Languages(1).pdf"}, "timestamp": "2025-09-11T08:09:07.729816", "logger": "pdf_service"}
2025-09-11 13:39:07 | INFO | pdf_service | Worker-26660 | {"message": "Cache miss - extracting text from PDF", "data": {"file_path": "D:\\Files\\learning\\books\\Five Love Languages(1).pdf"}, "timestamp": "2025-09-11T08:09:07.730818", "logger": "pdf_service"}
2025-09-11 13:39:07 | INFO | pdf_service | Worker-26660 | {"message": "PDF loaded successfully", "data": {"file_path": "D:\\Files\\learning\\books\\Five Love Languages(1).pdf", "pages": 272}, "timestamp": "2025-09-11T08:09:07.754693", "logger": "pdf_service"}
2025-09-11 13:39:15 | INFO | pdf_service | Worker-26660 | {"message": "Text extraction completed", "data": {"file_path": "D:\\Files\\learning\\books\\Five Love Languages(1).pdf", "extracted_length": 272564}, "timestamp": "2025-09-11T08:09:15.901139", "logger": "pdf_service"}
2025-09-11 13:39:15 | INFO | cache | Worker-26660 | {"message": "Successfully cached text", "data": {"file_path": "D:\\Files\\learning\\books\\Five Love Languages(1).pdf", "cache_key": "57475f8f528dd5cf5ab48329d65c6c1a"}, "timestamp": "2025-09-11T08:09:15.908663", "logger": "cache"}
2025-09-11 13:39:15 | INFO | pdf_service | Worker-26660 | {"message": "Successfully cached extracted text", "data": {"file_path": "D:\\Files\\learning\\books\\Five Love Languages(1).pdf"}, "timestamp": "2025-09-11T08:09:15.908663", "logger": "pdf_service"}
2025-09-11 13:39:15 | INFO | pdf_service | Worker-26660 | {"message": "Starting PDF text extraction", "data": {"file_path": "D:\\Files\\learning\\books\\Five Love Languages(1).pdf"}, "timestamp": "2025-09-11T08:09:15.956457", "logger": "pdf_service"}
2025-09-11 13:39:15 | INFO | cache | Worker-26660 | {"message": "Cache hit", "data": {"file_path": "D:\\Files\\learning\\books\\Five Love Languages(1).pdf", "cached_at": "2025-09-11T13:39:15.902650"}, "timestamp": "2025-09-11T08:09:15.960456", "logger": "cache"}
2025-09-11 13:39:15 | INFO | pdf_service | Worker-26660 | {"message": "Using cached text", "data": {"file_path": "D:\\Files\\learning\\books\\Five Love Languages(1).pdf", "text_length": 272564}, "timestamp": "2025-09-11T08:09:15.960456", "logger": "pdf_service"}
2025-09-11 14:29:56 | INFO | pdf_service | Worker-26660 | {"message": "Starting PDF text extraction", "data": {"file_path": "D:\\Files\\learning\\books\\counter flow experiment.pdf"}, "timestamp": "2025-09-11T08:59:56.302078", "logger": "pdf_service"}
2025-09-11 14:29:56 | INFO | pdf_service | Worker-26660 | {"message": "Cache miss - extracting text from PDF", "data": {"file_path": "D:\\Files\\learning\\books\\counter flow experiment.pdf"}, "timestamp": "2025-09-11T08:59:56.306629", "logger": "pdf_service"}
2025-09-11 14:29:56 | INFO | pdf_service | Worker-26660 | {"message": "PDF loaded successfully", "data": {"file_path": "D:\\Files\\learning\\books\\counter flow experiment.pdf", "pages": 3}, "timestamp": "2025-09-11T08:59:56.318075", "logger": "pdf_service"}
2025-09-11 14:29:56 | INFO | pdf_service | Worker-26660 | {"message": "Text extraction completed", "data": {"file_path": "D:\\Files\\learning\\books\\counter flow experiment.pdf", "extracted_length": 3649}, "timestamp": "2025-09-11T08:59:56.386087", "logger": "pdf_service"}
2025-09-11 14:29:56 | INFO | cache | Worker-26660 | {"message": "Successfully cached text", "data": {"file_path": "D:\\Files\\learning\\books\\counter flow experiment.pdf", "cache_key": "4df81e561605915a2001936179e7f78f"}, "timestamp": "2025-09-11T08:59:56.388095", "logger": "cache"}
2025-09-11 14:29:56 | INFO | pdf_service | Worker-26660 | {"message": "Successfully cached extracted text", "data": {"file_path": "D:\\Files\\learning\\books\\counter flow experiment.pdf"}, "timestamp": "2025-09-11T08:59:56.389097", "logger": "pdf_service"}
2025-09-11 14:29:56 | INFO | pdf_service | Worker-26660 | {"message": "Starting PDF text extraction", "data": {"file_path": "D:\\Files\\learning\\books\\counter flow experiment.pdf"}, "timestamp": "2025-09-11T08:59:56.395118", "logger": "pdf_service"}
2025-09-11 14:29:56 | INFO | cache | Worker-26660 | {"message": "Cache hit", "data": {"file_path": "D:\\Files\\learning\\books\\counter flow experiment.pdf", "cached_at": "2025-09-11T14:29:56.386087"}, "timestamp": "2025-09-11T08:59:56.397639", "logger": "cache"}
2025-09-11 14:29:56 | INFO | pdf_service | Worker-26660 | {"message": "Using cached text", "data": {"file_path": "D:\\Files\\learning\\books\\counter flow experiment.pdf", "text_length": 3649}, "timestamp": "2025-09-11T08:59:56.397639", "logger": "pdf_service"}
2025-09-11 14:30:11 | INFO | chat_service | Worker-26660 | Successfully generated response for token user_c8324b246aa0, length: 520
2025-09-11 14:30:27 | INFO | chat_service | Worker-26660 | {"message": "Generating questions", "data": {"token": "user_c8324b246aa0", "topic": "", "count": 10, "mode": "practice"}, "timestamp": "2025-09-11T09:00:27.403933", "logger": "chat_service"}
2025-09-11 14:30:27 | INFO | chat_service | Worker-26660 | {"message": "Processing PDF for questions", "data": {"filename": "counter flow experiment.pdf", "content_length": 3649}, "timestamp": "2025-09-11T09:00:27.404969", "logger": "chat_service"}
2025-09-11 14:30:27 | INFO | chat_service | Worker-26660 | Sending request to Gemini AI
2025-09-11 14:30:34 | INFO | chat_service | Worker-26660 | Gemini AI response received
2025-09-11 14:30:34 | INFO | chat_service | Worker-26660 | {"message": "Gemini AI response received", "data": {"response_length": 1612}, "timestamp": "2025-09-11T09:00:34.040718", "logger": "chat_service"}
2025-09-11 14:48:21 | INFO | chat_service | Worker-26660 | Successfully generated response for token user_c8324b246aa0, length: 2674
2025-09-11 15:10:41 | INFO | chat_service | Worker-26660 | {"message": "Generating questions", "data": {"token": "user_c8324b246aa0", "topic": "", "count": 25, "mode": "practice"}, "timestamp": "2025-09-11T09:40:41.541874", "logger": "chat_service"}
2025-09-11 15:10:41 | INFO | chat_service | Worker-26660 | {"message": "Processing PDF for questions", "data": {"filename": "counter flow experiment.pdf", "content_length": 3649}, "timestamp": "2025-09-11T09:40:41.543300", "logger": "chat_service"}
2025-09-11 15:10:41 | INFO | chat_service | Worker-26660 | Sending request to Gemini AI
2025-09-11 15:10:46 | INFO | chat_service | Worker-26660 | Gemini AI response received
2025-09-11 15:10:46 | INFO | chat_service | Worker-26660 | {"message": "Gemini AI response received", "data": {"response_length": 2495}, "timestamp": "2025-09-11T09:40:46.801394", "logger": "chat_service"}
2025-09-11 15:10:53 | INFO | chat_service | Worker-26660 | Successfully generated response for token user_c8324b246aa0, length: 2030
2025-09-11 15:12:17 | INFO | chat_service | Worker-26660 | Successfully generated response for token user_c8324b246aa0, length: 1870
2025-09-11 15:19:31 | INFO | chat_service | Worker-26660 | Successfully generated response for token user_c8324b246aa0, length: 1639
2025-09-11 15:24:53 | INFO | chat_service | Worker-26660 | {"message": "Generating questions", "data": {"token": "user_c8324b246aa0", "topic": "counter flow", "count": 25, "mode": "quiz"}, "timestamp": "2025-09-11T09:54:53.045097", "logger": "chat_service"}
2025-09-11 15:24:53 | INFO | chat_service | Worker-26660 | {"message": "Processing PDF for questions", "data": {"filename": "counter flow experiment.pdf", "content_length": 3649}, "timestamp": "2025-09-11T09:54:53.048543", "logger": "chat_service"}
2025-09-11 15:24:53 | INFO | chat_service | Worker-26660 | Sending request to Gemini AI
2025-09-11 15:25:04 | INFO | chat_service | Worker-26660 | Gemini AI response received
2025-09-11 15:25:04 | INFO | chat_service | Worker-26660 | {"message": "Gemini AI response received", "data": {"response_length": 7291}, "timestamp": "2025-09-11T09:55:04.340195", "logger": "chat_service"}
2025-09-11 15:34:15 | WARNING | chat_service | Worker-26660 | Rate limit/quota hit, waiting before retry 1: 429 Resource has been exhausted (e.g. check quota).
2025-09-14 11:10:40 | INFO | services.auth_service | Worker-21692 | === LOGIN ATTEMPT DEBUG ===
2025-09-14 11:10:40 | INFO | services.auth_service | Worker-21692 | Received username: 'surya' (length: 5)
2025-09-14 11:10:40 | INFO | services.auth_service | Worker-21692 | Received password: 'prasath' (length: 7)
2025-09-14 11:10:40 | INFO | services.auth_service | Worker-21692 | Expected username: 'vsbec' (length: 5)
2025-09-14 11:10:40 | INFO | services.auth_service | Worker-21692 | Expected password: 'vsbec' (length: 5)
2025-09-14 11:10:40 | INFO | services.auth_service | Worker-21692 | Username match: False
2025-09-14 11:10:40 | INFO | services.auth_service | Worker-21692 | Password match: False
2025-09-14 11:10:40 | INFO | services.auth_service | Worker-21692 | === END DEBUG ===
2025-09-14 11:10:48 | INFO | services.auth_service | Worker-21692 | === LOGIN ATTEMPT DEBUG ===
2025-09-14 11:10:48 | INFO | services.auth_service | Worker-21692 | Received username: 'vsbec' (length: 5)
2025-09-14 11:10:48 | INFO | services.auth_service | Worker-21692 | Received password: 'vsbec' (length: 5)
2025-09-14 11:10:48 | INFO | services.auth_service | Worker-21692 | Expected username: 'vsbec' (length: 5)
2025-09-14 11:10:48 | INFO | services.auth_service | Worker-21692 | Expected password: 'vsbec' (length: 5)
2025-09-14 11:10:48 | INFO | services.auth_service | Worker-21692 | Username match: True
2025-09-14 11:10:48 | INFO | services.auth_service | Worker-21692 | Password match: True
2025-09-14 11:10:48 | INFO | services.auth_service | Worker-21692 | === END DEBUG ===
2025-09-14 11:11:04 | INFO | pdf_service | Worker-21692 | {"message": "Starting PDF text extraction", "data": {"file_path": "D:\\Files\\learning\\books\\_OceanofPDF.com_Most_and_more_-_Mahatria_Ra.pdf"}, "timestamp": "2025-09-14T05:41:04.623159", "logger": "pdf_service"}
2025-09-14 11:11:04 | INFO | pdf_service | Worker-21692 | {"message": "Cache miss - extracting text from PDF", "data": {"file_path": "D:\\Files\\learning\\books\\_OceanofPDF.com_Most_and_more_-_Mahatria_Ra.pdf"}, "timestamp": "2025-09-14T05:41:04.624304", "logger": "pdf_service"}
2025-09-14 11:11:04 | INFO | pdf_service | Worker-21692 | {"message": "PDF loaded successfully", "data": {"file_path": "D:\\Files\\learning\\books\\_OceanofPDF.com_Most_and_more_-_Mahatria_Ra.pdf", "pages": 179}, "timestamp": "2025-09-14T05:41:04.758834", "logger": "pdf_service"}
2025-09-14 11:11:07 | INFO | pdf_service | Worker-21692 | {"message": "Text extraction completed", "data": {"file_path": "D:\\Files\\learning\\books\\_OceanofPDF.com_Most_and_more_-_Mahatria_Ra.pdf", "extracted_length": 292625}, "timestamp": "2025-09-14T05:41:07.414738", "logger": "pdf_service"}
2025-09-14 11:11:07 | INFO | cache | Worker-21692 | {"message": "Successfully cached text", "data": {"file_path": "D:\\Files\\learning\\books\\_OceanofPDF.com_Most_and_more_-_Mahatria_Ra.pdf", "cache_key": "eb7803e6abc7602633110835d476d114"}, "timestamp": "2025-09-14T05:41:07.421788", "logger": "cache"}
2025-09-14 11:11:07 | INFO | pdf_service | Worker-21692 | {"message": "Successfully cached extracted text", "data": {"file_path": "D:\\Files\\learning\\books\\_OceanofPDF.com_Most_and_more_-_Mahatria_Ra.pdf"}, "timestamp": "2025-09-14T05:41:07.422750", "logger": "pdf_service"}
2025-09-14 11:11:07 | INFO | pdf_service | Worker-21692 | {"message": "Starting PDF text extraction", "data": {"file_path": "D:\\Files\\learning\\books\\_OceanofPDF.com_Most_and_more_-_Mahatria_Ra.pdf"}, "timestamp": "2025-09-14T05:41:07.431748", "logger": "pdf_service"}
2025-09-14 11:11:07 | INFO | cache | Worker-21692 | {"message": "Cache hit", "data": {"file_path": "D:\\Files\\learning\\books\\_OceanofPDF.com_Most_and_more_-_Mahatria_Ra.pdf", "cached_at": "2025-09-14T11:11:07.415747"}, "timestamp": "2025-09-14T05:41:07.436752", "logger": "cache"}
2025-09-14 11:11:07 | INFO | pdf_service | Worker-21692 | {"message": "Using cached text", "data": {"file_path": "D:\\Files\\learning\\books\\_OceanofPDF.com_Most_and_more_-_Mahatria_Ra.pdf", "text_length": 292625}, "timestamp": "2025-09-14T05:41:07.437771", "logger": "pdf_service"}
2025-09-14 11:11:23 | INFO | chat_service | Worker-21692 | Successfully generated response for token user_fcf1d688bb03, length: 1167
2025-09-14 11:14:31 | INFO | chat_service | Worker-21692 | Successfully generated response for token user_fcf1d688bb03, length: 892
2025-09-14 11:14:45 | INFO | chat_service | Worker-21692 | {"message": "Generating questions", "data": {"token": "user_fcf1d688bb03", "topic": "", "count": 5, "mode": "quiz"}, "timestamp": "2025-09-14T05:44:45.404173", "logger": "chat_service"}
2025-09-14 11:14:45 | INFO | chat_service | Worker-21692 | {"message": "Processing PDF for questions", "data": {"filename": "_OceanofPDF.com_Most_and_more_-_Mahatria_Ra.pdf", "content_length": 292625}, "timestamp": "2025-09-14T05:44:45.405175", "logger": "chat_service"}
2025-09-14 11:14:45 | INFO | chat_service | Worker-21692 | Sending request to Gemini AI
2025-09-14 11:14:53 | INFO | chat_service | Worker-21692 | Gemini AI response received
2025-09-14 11:14:53 | INFO | chat_service | Worker-21692 | {"message": "Gemini AI response received", "data": {"response_length": 1664}, "timestamp": "2025-09-14T05:44:53.295341", "logger": "chat_service"}
2025-09-14 11:19:50 | INFO | pdf_service | Worker-21692 | {"message": "Starting PDF text extraction", "data": {"file_path": "D:\\Files\\learning\\books\\Mahabharata (Unabridged in English).pdf"}, "timestamp": "2025-09-14T05:49:50.534908", "logger": "pdf_service"}
2025-09-14 11:19:50 | INFO | pdf_service | Worker-21692 | {"message": "Cache miss - extracting text from PDF", "data": {"file_path": "D:\\Files\\learning\\books\\Mahabharata (Unabridged in English).pdf"}, "timestamp": "2025-09-14T05:49:50.536914", "logger": "pdf_service"}
2025-09-14 11:19:51 | INFO | pdf_service | Worker-21692 | {"message": "PDF loaded successfully", "data": {"file_path": "D:\\Files\\learning\\books\\Mahabharata (Unabridged in English).pdf", "pages": 2328}, "timestamp": "2025-09-14T05:49:51.430464", "logger": "pdf_service"}
2025-09-14 11:21:40 | INFO | pdf_service | Worker-21692 | {"message": "Text extraction completed", "data": {"file_path": "D:\\Files\\learning\\books\\Mahabharata (Unabridged in English).pdf", "extracted_length": 15371657}, "timestamp": "2025-09-14T05:51:40.552453", "logger": "pdf_service"}
2025-09-14 11:21:40 | INFO | cache | Worker-21692 | {"message": "Successfully cached text", "data": {"file_path": "D:\\Files\\learning\\books\\Mahabharata (Unabridged in English).pdf", "cache_key": "4869796f0bec738e20eea748d97fb3c1"}, "timestamp": "2025-09-14T05:51:40.692541", "logger": "cache"}
2025-09-14 11:21:40 | INFO | pdf_service | Worker-21692 | {"message": "Successfully cached extracted text", "data": {"file_path": "D:\\Files\\learning\\books\\Mahabharata (Unabridged in English).pdf"}, "timestamp": "2025-09-14T05:51:40.738917", "logger": "pdf_service"}
2025-09-14 11:21:40 | INFO | pdf_service | Worker-21692 | {"message": "Starting PDF text extraction", "data": {"file_path": "D:\\Files\\learning\\books\\Mahabharata (Unabridged in English).pdf"}, "timestamp": "2025-09-14T05:51:40.753929", "logger": "pdf_service"}
2025-09-14 11:21:40 | INFO | cache | Worker-21692 | {"message": "Cache hit", "data": {"file_path": "D:\\Files\\learning\\books\\Mahabharata (Unabridged in English).pdf", "cached_at": "2025-09-14T11:21:40.553456"}, "timestamp": "2025-09-14T05:51:40.882932", "logger": "cache"}
2025-09-14 11:21:40 | INFO | pdf_service | Worker-21692 | {"message": "Using cached text", "data": {"file_path": "D:\\Files\\learning\\books\\Mahabharata (Unabridged in English).pdf", "text_length": 15371657}, "timestamp": "2025-09-14T05:51:40.882932", "logger": "pdf_service"}
2025-09-14 11:23:37 | INFO | chat_service | Worker-21692 | Successfully generated response for token user_fcf1d688bb03, length: 818
2025-09-14 11:24:40 | INFO | chat_service | Worker-21692 | {"message": "Generating questions", "data": {"token": "user_fcf1d688bb03", "topic": "inside story", "count": 10, "mode": "quiz"}, "timestamp": "2025-09-14T05:54:40.454307", "logger": "chat_service"}
2025-09-14 11:24:40 | INFO | chat_service | Worker-21692 | {"message": "Processing PDF for questions", "data": {"filename": "Mahabharata (Unabridged in English).pdf", "content_length": 15371657}, "timestamp": "2025-09-14T05:54:40.454307", "logger": "chat_service"}
2025-09-14 11:24:40 | INFO | chat_service | Worker-21692 | Sending request to Gemini AI
2025-09-14 11:24:44 | WARNING | chat_service | Worker-21692 | Rate limit/quota hit, waiting before retry 1: 429 You exceeded your current quota, please check your plan and billing details. For more information on this error, head to: https://ai.google.dev/gemini-api/docs/rate-limits. [violations {
  quota_metric: "generativelanguage.googleapis.com/generate_content_free_tier_input_token_count"
  quota_id: "GenerateContentInputTokensPerModelPerMinute-FreeTier"
  quota_dimensions {
    key: "model"
    value: "gemini-2.0-flash-lite"
  }
  quota_dimensions {
    key: "location"
    value: "global"
  }
  quota_value: 1000000
}
, links {
  description: "Learn more about Gemini API quotas"
  url: "https://ai.google.dev/gemini-api/docs/rate-limits"
}
, retry_delay {
  seconds: 15
}
]
2025-09-14 11:24:49 | WARNING | chat_service | Worker-21692 | Rate limit/quota hit, waiting before retry 2: 429 You exceeded your current quota, please check your plan and billing details. For more information on this error, head to: https://ai.google.dev/gemini-api/docs/rate-limits. [violations {
  quota_metric: "generativelanguage.googleapis.com/generate_content_free_tier_input_token_count"
  quota_id: "GenerateContentInputTokensPerModelPerMinute-FreeTier"
  quota_dimensions {
    key: "model"
    value: "gemini-2.0-flash-lite"
  }
  quota_dimensions {
    key: "location"
    value: "global"
  }
  quota_value: 1000000
}
, links {
  description: "Learn more about Gemini API quotas"
  url: "https://ai.google.dev/gemini-api/docs/rate-limits"
}
, retry_delay {
  seconds: 10
}
]
2025-09-14 11:24:51 | ERROR | chat_service | Worker-21692 | {"message": "Error generating questions", "data": {"error": "Failed to generate AI response after all retries"}, "timestamp": "2025-09-14T05:54:51.020271", "logger": "chat_service"}
Traceback (most recent call last):
  File "D:\Files\learning\backend\services\chat_service.py", line 479, in generate_questions
    ai_response = await generate_content_async(rotated_model, context)
                  ^^^^^^^^^^^^^^^^^^^^^^^^^^^^^^^^^^^^^^^^^^^^^^^^^^^^
  File "D:\Files\learning\backend\services\chat_service.py", line 202, in generate_content_async
    raise Exception("Failed to generate AI response after all retries")
Exception: Failed to generate AI response after all retries
2025-09-14 11:25:02 | INFO | chat_service | Worker-21692 | {"message": "Generating questions", "data": {"token": "user_fcf1d688bb03", "topic": "", "count": 10, "mode": "quiz"}, "timestamp": "2025-09-14T05:55:02.208637", "logger": "chat_service"}
2025-09-14 11:25:02 | INFO | chat_service | Worker-21692 | {"message": "Processing PDF for questions", "data": {"filename": "Mahabharata (Unabridged in English).pdf", "content_length": 15371657}, "timestamp": "2025-09-14T05:55:02.210200", "logger": "chat_service"}
2025-09-14 11:25:02 | INFO | chat_service | Worker-21692 | Sending request to Gemini AI
2025-09-14 11:25:05 | WARNING | chat_service | Worker-21692 | Rate limit/quota hit, waiting before retry 1: 429 You exceeded your current quota, please check your plan and billing details. For more information on this error, head to: https://ai.google.dev/gemini-api/docs/rate-limits. [violations {
  quota_metric: "generativelanguage.googleapis.com/generate_content_free_tier_input_token_count"
  quota_id: "GenerateContentInputTokensPerModelPerMinute-FreeTier"
  quota_dimensions {
    key: "model"
    value: "gemini-2.0-flash-lite"
  }
  quota_dimensions {
    key: "location"
    value: "global"
  }
  quota_value: 1000000
}
, links {
  description: "Learn more about Gemini API quotas"
  url: "https://ai.google.dev/gemini-api/docs/rate-limits"
}
, retry_delay {
  seconds: 54
}
]
2025-09-14 11:25:09 | WARNING | chat_service | Worker-21692 | Rate limit/quota hit, waiting before retry 2: 429 You exceeded your current quota, please check your plan and billing details. For more information on this error, head to: https://ai.google.dev/gemini-api/docs/rate-limits. [violations {
  quota_metric: "generativelanguage.googleapis.com/generate_content_free_tier_input_token_count"
  quota_id: "GenerateContentInputTokensPerModelPerMinute-FreeTier"
  quota_dimensions {
    key: "model"
    value: "gemini-2.0-flash-lite"
  }
  quota_dimensions {
    key: "location"
    value: "global"
  }
  quota_value: 1000000
}
, links {
  description: "Learn more about Gemini API quotas"
  url: "https://ai.google.dev/gemini-api/docs/rate-limits"
}
, retry_delay {
  seconds: 50
}
]
2025-09-14 11:25:11 | ERROR | chat_service | Worker-21692 | {"message": "Error generating questions", "data": {"error": "Failed to generate AI response after all retries"}, "timestamp": "2025-09-14T05:55:11.490241", "logger": "chat_service"}
Traceback (most recent call last):
  File "D:\Files\learning\backend\services\chat_service.py", line 479, in generate_questions
    ai_response = await generate_content_async(rotated_model, context)
                  ^^^^^^^^^^^^^^^^^^^^^^^^^^^^^^^^^^^^^^^^^^^^^^^^^^^^
  File "D:\Files\learning\backend\services\chat_service.py", line 202, in generate_content_async
    raise Exception("Failed to generate AI response after all retries")
Exception: Failed to generate AI response after all retries
2025-09-14 11:25:58 | INFO | chat_service | Worker-21692 | {"message": "Generating questions", "data": {"token": "user_fcf1d688bb03", "topic": "Kichaka-badha Parva", "count": 10, "mode": "quiz"}, "timestamp": "2025-09-14T05:55:58.727172", "logger": "chat_service"}
2025-09-14 11:25:58 | INFO | chat_service | Worker-21692 | {"message": "Processing PDF for questions", "data": {"filename": "Mahabharata (Unabridged in English).pdf", "content_length": 15371657}, "timestamp": "2025-09-14T05:55:58.728179", "logger": "chat_service"}
2025-09-14 11:25:58 | INFO | chat_service | Worker-21692 | Sending request to Gemini AI
2025-09-14 11:26:03 | WARNING | chat_service | Worker-21692 | Rate limit/quota hit, waiting before retry 1: 429 You exceeded your current quota, please check your plan and billing details. For more information on this error, head to: https://ai.google.dev/gemini-api/docs/rate-limits. [violations {
  quota_metric: "generativelanguage.googleapis.com/generate_content_free_tier_input_token_count"
  quota_id: "GenerateContentInputTokensPerModelPerMinute-FreeTier"
  quota_dimensions {
    key: "model"
    value: "gemini-2.0-flash-lite"
  }
  quota_dimensions {
    key: "location"
    value: "global"
  }
  quota_value: 1000000
}
, links {
  description: "Learn more about Gemini API quotas"
  url: "https://ai.google.dev/gemini-api/docs/rate-limits"
}
, retry_delay {
  seconds: 56
}
]
2025-09-14 11:26:07 | WARNING | chat_service | Worker-21692 | Rate limit/quota hit, waiting before retry 2: 429 You exceeded your current quota, please check your plan and billing details. For more information on this error, head to: https://ai.google.dev/gemini-api/docs/rate-limits. [violations {
  quota_metric: "generativelanguage.googleapis.com/generate_content_free_tier_input_token_count"
  quota_id: "GenerateContentInputTokensPerModelPerMinute-FreeTier"
  quota_dimensions {
    key: "model"
    value: "gemini-2.0-flash-lite"
  }
  quota_dimensions {
    key: "location"
    value: "global"
  }
  quota_value: 1000000
}
, links {
  description: "Learn more about Gemini API quotas"
  url: "https://ai.google.dev/gemini-api/docs/rate-limits"
}
, retry_delay {
  seconds: 52
}
]
2025-09-14 11:26:09 | ERROR | chat_service | Worker-21692 | {"message": "Error generating questions", "data": {"error": "Failed to generate AI response after all retries"}, "timestamp": "2025-09-14T05:56:09.295306", "logger": "chat_service"}
Traceback (most recent call last):
  File "D:\Files\learning\backend\services\chat_service.py", line 479, in generate_questions
    ai_response = await generate_content_async(rotated_model, context)
                  ^^^^^^^^^^^^^^^^^^^^^^^^^^^^^^^^^^^^^^^^^^^^^^^^^^^^
  File "D:\Files\learning\backend\services\chat_service.py", line 202, in generate_content_async
    raise Exception("Failed to generate AI response after all retries")
Exception: Failed to generate AI response after all retries
2025-09-14 11:27:20 | INFO | pdf_service | Worker-21692 | {"message": "Starting PDF text extraction", "data": {"file_path": "D:\\Files\\learning\\books\\vishnusahasranama.pdf"}, "timestamp": "2025-09-14T05:57:20.192894", "logger": "pdf_service"}
2025-09-14 11:27:20 | INFO | pdf_service | Worker-21692 | {"message": "Cache miss - extracting text from PDF", "data": {"file_path": "D:\\Files\\learning\\books\\vishnusahasranama.pdf"}, "timestamp": "2025-09-14T05:57:20.193893", "logger": "pdf_service"}
2025-09-14 11:27:20 | INFO | pdf_service | Worker-21692 | {"message": "PDF loaded successfully", "data": {"file_path": "D:\\Files\\learning\\books\\vishnusahasranama.pdf", "pages": 13}, "timestamp": "2025-09-14T05:57:20.196892", "logger": "pdf_service"}
2025-09-14 11:27:20 | INFO | pdf_service | Worker-21692 | {"message": "Text extraction completed", "data": {"file_path": "D:\\Files\\learning\\books\\vishnusahasranama.pdf", "extracted_length": 22444}, "timestamp": "2025-09-14T05:57:20.388902", "logger": "pdf_service"}
2025-09-14 11:27:20 | INFO | cache | Worker-21692 | {"message": "Successfully cached text", "data": {"file_path": "D:\\Files\\learning\\books\\vishnusahasranama.pdf", "cache_key": "8e69f608e701cb0a596ce9a1ecc08f52"}, "timestamp": "2025-09-14T05:57:20.393524", "logger": "cache"}
2025-09-14 11:27:20 | INFO | pdf_service | Worker-21692 | {"message": "Successfully cached extracted text", "data": {"file_path": "D:\\Files\\learning\\books\\vishnusahasranama.pdf"}, "timestamp": "2025-09-14T05:57:20.393524", "logger": "pdf_service"}
2025-09-14 11:27:20 | INFO | pdf_service | Worker-21692 | {"message": "Starting PDF text extraction", "data": {"file_path": "D:\\Files\\learning\\books\\vishnusahasranama.pdf"}, "timestamp": "2025-09-14T05:57:20.402937", "logger": "pdf_service"}
2025-09-14 11:27:20 | INFO | cache | Worker-21692 | {"message": "Cache hit", "data": {"file_path": "D:\\Files\\learning\\books\\vishnusahasranama.pdf", "cached_at": "2025-09-14T11:27:20.390430"}, "timestamp": "2025-09-14T05:57:20.406034", "logger": "cache"}
2025-09-14 11:27:20 | INFO | pdf_service | Worker-21692 | {"message": "Using cached text", "data": {"file_path": "D:\\Files\\learning\\books\\vishnusahasranama.pdf", "text_length": 22444}, "timestamp": "2025-09-14T05:57:20.406034", "logger": "pdf_service"}
2025-09-14 11:27:42 | INFO | chat_service | Worker-21692 | Successfully generated response for token user_fcf1d688bb03, length: 2127
2025-09-14 11:28:53 | INFO | chat_service | Worker-21692 | {"message": "Generating questions", "data": {"token": "user_fcf1d688bb03", "topic": "", "count": 10, "mode": "quiz"}, "timestamp": "2025-09-14T05:58:53.540706", "logger": "chat_service"}
2025-09-14 11:28:53 | INFO | chat_service | Worker-21692 | {"message": "Processing PDF for questions", "data": {"filename": "vishnusahasranama.pdf", "content_length": 22444}, "timestamp": "2025-09-14T05:58:53.541708", "logger": "chat_service"}
2025-09-14 11:28:53 | INFO | chat_service | Worker-21692 | Sending request to Gemini AI
2025-09-14 11:29:00 | INFO | chat_service | Worker-21692 | Gemini AI response received
2025-09-14 11:29:00 | INFO | chat_service | Worker-21692 | {"message": "Gemini AI response received", "data": {"response_length": 2435}, "timestamp": "2025-09-14T05:59:00.786826", "logger": "chat_service"}
2025-09-14 14:13:06 | INFO | pdf_service | Worker-21692 | {"message": "Starting PDF text extraction", "data": {"file_path": "D:\\Files\\learning\\books\\\u092d\u093e\u0937\u0923_\u0915\u0932\u093e.pdf"}, "timestamp": "2025-09-14T08:43:06.836243", "logger": "pdf_service"}
2025-09-14 14:13:06 | INFO | pdf_service | Worker-21692 | {"message": "Cache miss - extracting text from PDF", "data": {"file_path": "D:\\Files\\learning\\books\\\u092d\u093e\u0937\u0923_\u0915\u0932\u093e.pdf"}, "timestamp": "2025-09-14T08:43:06.839243", "logger": "pdf_service"}
2025-09-14 14:13:06 | INFO | pdf_service | Worker-21692 | {"message": "PDF loaded successfully", "data": {"file_path": "D:\\Files\\learning\\books\\\u092d\u093e\u0937\u0923_\u0915\u0932\u093e.pdf", "pages": 22}, "timestamp": "2025-09-14T08:43:06.846251", "logger": "pdf_service"}
2025-09-14 14:13:06 | INFO | pdf_service | Worker-21692 | {"message": "Text extraction completed", "data": {"file_path": "D:\\Files\\learning\\books\\\u092d\u093e\u0937\u0923_\u0915\u0932\u093e.pdf", "extracted_length": 0}, "timestamp": "2025-09-14T08:43:06.859280", "logger": "pdf_service"}
2025-09-14 14:13:06 | WARNING | pdf_service | Worker-21692 | {"message": "Very little text extracted", "data": {"file_path": "D:\\Files\\learning\\books\\\u092d\u093e\u0937\u0923_\u0915\u0932\u093e.pdf", "extracted_length": 0, "preview": ""}, "timestamp": "2025-09-14T08:43:06.859280", "logger": "pdf_service"}
2025-09-14 14:13:06 | INFO | cache | Worker-21692 | {"message": "Successfully cached text", "data": {"file_path": "D:\\Files\\learning\\books\\\u092d\u093e\u0937\u0923_\u0915\u0932\u093e.pdf", "cache_key": "63a3e5bc5dd921588bacc0ac60e03d30"}, "timestamp": "2025-09-14T08:43:06.911997", "logger": "cache"}
2025-09-14 14:13:06 | INFO | pdf_service | Worker-21692 | {"message": "Successfully cached extracted text", "data": {"file_path": "D:\\Files\\learning\\books\\\u092d\u093e\u0937\u0923_\u0915\u0932\u093e.pdf"}, "timestamp": "2025-09-14T08:43:06.912999", "logger": "pdf_service"}
2025-09-14 14:13:06 | INFO | pdf_service | Worker-21692 | {"message": "Starting PDF text extraction", "data": {"file_path": "D:\\Files\\learning\\books\\\u092d\u093e\u0937\u0923_\u0915\u0932\u093e.pdf"}, "timestamp": "2025-09-14T08:43:06.923999", "logger": "pdf_service"}
2025-09-14 14:13:06 | INFO | cache | Worker-21692 | {"message": "Cache hit", "data": {"file_path": "D:\\Files\\learning\\books\\\u092d\u093e\u0937\u0923_\u0915\u0932\u093e.pdf", "cached_at": "2025-09-14T14:13:06.860289"}, "timestamp": "2025-09-14T08:43:06.926546", "logger": "cache"}
2025-09-14 14:13:06 | INFO | pdf_service | Worker-21692 | {"message": "Using cached text", "data": {"file_path": "D:\\Files\\learning\\books\\\u092d\u093e\u0937\u0923_\u0915\u0932\u093e.pdf", "text_length": 0}, "timestamp": "2025-09-14T08:43:06.926546", "logger": "pdf_service"}
2025-09-14 14:13:25 | INFO | chat_service | Worker-21692 | Successfully generated response for token user_fcf1d688bb03, length: 1785
2025-09-14 14:14:15 | INFO | chat_service | Worker-21692 | Successfully generated response for token user_fcf1d688bb03, length: 1475
2025-09-14 14:15:00 | INFO | chat_service | Worker-21692 | Successfully generated response for token user_fcf1d688bb03, length: 835
2025-09-14 14:16:24 | INFO | chat_service | Worker-21692 | Successfully generated response for token user_fcf1d688bb03, length: 561
2025-09-14 23:41:43 | INFO | pdf_service | Worker-23880 | {"message": "Starting PDF text extraction", "data": {"file_path": "D:\\Files\\learning\\books\\_OceanofPDF.com_Most_and_more_-_Mahatria_Ra(1).pdf"}, "timestamp": "2025-09-14T18:11:43.921539", "logger": "pdf_service"}
2025-09-14 23:41:43 | INFO | pdf_service | Worker-23880 | {"message": "Cache miss - extracting text from PDF", "data": {"file_path": "D:\\Files\\learning\\books\\_OceanofPDF.com_Most_and_more_-_Mahatria_Ra(1).pdf"}, "timestamp": "2025-09-14T18:11:43.924534", "logger": "pdf_service"}
2025-09-14 23:41:44 | INFO | pdf_service | Worker-23880 | {"message": "PDF loaded successfully", "data": {"file_path": "D:\\Files\\learning\\books\\_OceanofPDF.com_Most_and_more_-_Mahatria_Ra(1).pdf", "pages": 179}, "timestamp": "2025-09-14T18:11:44.076555", "logger": "pdf_service"}
2025-09-14 23:41:46 | INFO | pdf_service | Worker-23880 | {"message": "Text extraction completed", "data": {"file_path": "D:\\Files\\learning\\books\\_OceanofPDF.com_Most_and_more_-_Mahatria_Ra(1).pdf", "extracted_length": 292625}, "timestamp": "2025-09-14T18:11:46.877580", "logger": "pdf_service"}
2025-09-14 23:41:46 | INFO | cache | Worker-23880 | {"message": "Successfully cached text", "data": {"file_path": "D:\\Files\\learning\\books\\_OceanofPDF.com_Most_and_more_-_Mahatria_Ra(1).pdf", "cache_key": "97962149ae76016a6c494b6fbd6aecb4"}, "timestamp": "2025-09-14T18:11:46.907582", "logger": "cache"}
2025-09-14 23:41:46 | INFO | pdf_service | Worker-23880 | {"message": "Successfully cached extracted text", "data": {"file_path": "D:\\Files\\learning\\books\\_OceanofPDF.com_Most_and_more_-_Mahatria_Ra(1).pdf"}, "timestamp": "2025-09-14T18:11:46.908608", "logger": "pdf_service"}
2025-09-14 23:41:46 | INFO | pdf_service | Worker-23880 | {"message": "Starting PDF text extraction", "data": {"file_path": "D:\\Files\\learning\\books\\_OceanofPDF.com_Most_and_more_-_Mahatria_Ra(1).pdf"}, "timestamp": "2025-09-14T18:11:46.922593", "logger": "pdf_service"}
2025-09-14 23:41:46 | INFO | cache | Worker-23880 | {"message": "Cache hit", "data": {"file_path": "D:\\Files\\learning\\books\\_OceanofPDF.com_Most_and_more_-_Mahatria_Ra(1).pdf", "cached_at": "2025-09-14T23:41:46.878587"}, "timestamp": "2025-09-14T18:11:46.928762", "logger": "cache"}
2025-09-14 23:41:46 | INFO | pdf_service | Worker-23880 | {"message": "Using cached text", "data": {"file_path": "D:\\Files\\learning\\books\\_OceanofPDF.com_Most_and_more_-_Mahatria_Ra(1).pdf", "text_length": 292625}, "timestamp": "2025-09-14T18:11:46.929761", "logger": "pdf_service"}
2025-09-14 23:42:07 | INFO | chat_service | Worker-23880 | {"message": "Generating questions", "data": {"token": "user_fcf1d688bb03", "topic": "", "count": 25, "mode": "practice"}, "timestamp": "2025-09-14T18:12:07.081639", "logger": "chat_service"}
2025-09-14 23:42:07 | INFO | chat_service | Worker-23880 | {"message": "Processing PDF for questions", "data": {"filename": "_OceanofPDF.com_Most_and_more_-_Mahatria_Ra(1).pdf", "content_length": 292625}, "timestamp": "2025-09-14T18:12:07.082644", "logger": "chat_service"}
2025-09-14 23:42:07 | INFO | chat_service | Worker-23880 | Sending request to Gemini AI
2025-09-14 23:42:15 | INFO | chat_service | Worker-23880 | Gemini AI response received
2025-09-14 23:42:15 | INFO | chat_service | Worker-23880 | {"message": "Gemini AI response received", "data": {"response_length": 2393}, "timestamp": "2025-09-14T18:12:15.721316", "logger": "chat_service"}
2025-09-14 23:42:18 | INFO | chat_service | Worker-23880 | {"message": "Generating questions", "data": {"token": "user_fcf1d688bb03", "topic": "", "count": 10, "mode": "quiz"}, "timestamp": "2025-09-14T18:12:18.218544", "logger": "chat_service"}
2025-09-14 23:42:18 | INFO | chat_service | Worker-23880 | {"message": "Processing PDF for questions", "data": {"filename": "_OceanofPDF.com_Most_and_more_-_Mahatria_Ra(1).pdf", "content_length": 292625}, "timestamp": "2025-09-14T18:12:18.220109", "logger": "chat_service"}
2025-09-14 23:42:18 | INFO | chat_service | Worker-23880 | Sending request to Gemini AI
2025-09-14 23:42:25 | INFO | chat_service | Worker-23880 | Gemini AI response received
2025-09-14 23:42:25 | INFO | chat_service | Worker-23880 | {"message": "Gemini AI response received", "data": {"response_length": 3056}, "timestamp": "2025-09-14T18:12:25.959502", "logger": "chat_service"}
2025-09-16 10:18:55 | INFO | services.auth_service | Worker-25564 | === LOGIN ATTEMPT DEBUG ===
2025-09-16 10:18:55 | INFO | services.auth_service | Worker-25564 | Received username: 'vsbec' (length: 5)
2025-09-16 10:18:55 | INFO | services.auth_service | Worker-25564 | Received password: 'vsbec' (length: 5)
2025-09-16 10:18:55 | INFO | services.auth_service | Worker-25564 | Expected username: 'vsbec' (length: 5)
2025-09-16 10:18:55 | INFO | services.auth_service | Worker-25564 | Expected password: 'vsbec' (length: 5)
2025-09-16 10:18:55 | INFO | services.auth_service | Worker-25564 | Username match: True
2025-09-16 10:18:55 | INFO | services.auth_service | Worker-25564 | Password match: True
2025-09-16 10:18:55 | INFO | services.auth_service | Worker-25564 | === END DEBUG ===
2025-09-16 10:19:02 | INFO | pdf_service | Worker-25564 | {"message": "Starting PDF text extraction", "data": {"file_path": "D:\\Files\\learning\\books\\_OceanofPDF.com_Most_and_more_-_Mahatria_Ra(2).pdf"}, "timestamp": "2025-09-16T04:49:02.355694", "logger": "pdf_service"}
2025-09-16 10:19:02 | INFO | pdf_service | Worker-25564 | {"message": "Cache miss - extracting text from PDF", "data": {"file_path": "D:\\Files\\learning\\books\\_OceanofPDF.com_Most_and_more_-_Mahatria_Ra(2).pdf"}, "timestamp": "2025-09-16T04:49:02.356706", "logger": "pdf_service"}
2025-09-16 10:19:02 | INFO | pdf_service | Worker-25564 | {"message": "PDF loaded successfully", "data": {"file_path": "D:\\Files\\learning\\books\\_OceanofPDF.com_Most_and_more_-_Mahatria_Ra(2).pdf", "pages": 179}, "timestamp": "2025-09-16T04:49:02.583061", "logger": "pdf_service"}
2025-09-16 10:19:05 | INFO | pdf_service | Worker-25564 | {"message": "Text extraction completed", "data": {"file_path": "D:\\Files\\learning\\books\\_OceanofPDF.com_Most_and_more_-_Mahatria_Ra(2).pdf", "extracted_length": 292625}, "timestamp": "2025-09-16T04:49:05.416881", "logger": "pdf_service"}
2025-09-16 10:19:05 | INFO | cache | Worker-25564 | {"message": "Successfully cached text", "data": {"file_path": "D:\\Files\\learning\\books\\_OceanofPDF.com_Most_and_more_-_Mahatria_Ra(2).pdf", "cache_key": "6e79592187a2701d6dc2908b10525ee0"}, "timestamp": "2025-09-16T04:49:05.462366", "logger": "cache"}
2025-09-16 10:19:05 | INFO | pdf_service | Worker-25564 | {"message": "Successfully cached extracted text", "data": {"file_path": "D:\\Files\\learning\\books\\_OceanofPDF.com_Most_and_more_-_Mahatria_Ra(2).pdf"}, "timestamp": "2025-09-16T04:49:05.463364", "logger": "pdf_service"}
2025-09-16 10:19:05 | INFO | pdf_service | Worker-25564 | {"message": "Starting PDF text extraction", "data": {"file_path": "D:\\Files\\learning\\books\\_OceanofPDF.com_Most_and_more_-_Mahatria_Ra(2).pdf"}, "timestamp": "2025-09-16T04:49:05.476372", "logger": "pdf_service"}
2025-09-16 10:19:05 | INFO | cache | Worker-25564 | {"message": "Cache hit", "data": {"file_path": "D:\\Files\\learning\\books\\_OceanofPDF.com_Most_and_more_-_Mahatria_Ra(2).pdf", "cached_at": "2025-09-16T10:19:05.416881"}, "timestamp": "2025-09-16T04:49:05.482807", "logger": "cache"}
2025-09-16 10:19:05 | INFO | pdf_service | Worker-25564 | {"message": "Using cached text", "data": {"file_path": "D:\\Files\\learning\\books\\_OceanofPDF.com_Most_and_more_-_Mahatria_Ra(2).pdf", "text_length": 292625}, "timestamp": "2025-09-16T04:49:05.483806", "logger": "pdf_service"}
2025-09-16 10:24:41 | INFO | pdf_service | Worker-25564 | {"message": "Starting PDF text extraction", "data": {"file_path": "D:\\Files\\learning\\books\\The Psychology of Selling.pdf"}, "timestamp": "2025-09-16T04:54:41.472254", "logger": "pdf_service"}
2025-09-16 10:24:41 | INFO | pdf_service | Worker-25564 | {"message": "Cache miss - extracting text from PDF", "data": {"file_path": "D:\\Files\\learning\\books\\The Psychology of Selling.pdf"}, "timestamp": "2025-09-16T04:54:41.473266", "logger": "pdf_service"}
2025-09-16 10:24:41 | INFO | pdf_service | Worker-25564 | {"message": "PDF loaded successfully", "data": {"file_path": "D:\\Files\\learning\\books\\The Psychology of Selling.pdf", "pages": 257}, "timestamp": "2025-09-16T04:54:41.568318", "logger": "pdf_service"}
2025-09-16 10:24:54 | INFO | pdf_service | Worker-25564 | {"message": "Text extraction completed", "data": {"file_path": "D:\\Files\\learning\\books\\The Psychology of Selling.pdf", "extracted_length": 382870}, "timestamp": "2025-09-16T04:54:54.874531", "logger": "pdf_service"}
2025-09-16 10:24:54 | INFO | cache | Worker-25564 | {"message": "Successfully cached text", "data": {"file_path": "D:\\Files\\learning\\books\\The Psychology of Selling.pdf", "cache_key": "b7073552df30b7ad848bde291fda1df5"}, "timestamp": "2025-09-16T04:54:54.882498", "logger": "cache"}
2025-09-16 10:24:54 | INFO | pdf_service | Worker-25564 | {"message": "Successfully cached extracted text", "data": {"file_path": "D:\\Files\\learning\\books\\The Psychology of Selling.pdf"}, "timestamp": "2025-09-16T04:54:54.929491", "logger": "pdf_service"}
2025-09-16 10:24:54 | INFO | pdf_service | Worker-25564 | {"message": "Starting PDF text extraction", "data": {"file_path": "D:\\Files\\learning\\books\\The Psychology of Selling.pdf"}, "timestamp": "2025-09-16T04:54:54.933500", "logger": "pdf_service"}
2025-09-16 10:24:54 | INFO | cache | Worker-25564 | {"message": "Cache hit", "data": {"file_path": "D:\\Files\\learning\\books\\The Psychology of Selling.pdf", "cached_at": "2025-09-16T10:24:54.875496"}, "timestamp": "2025-09-16T04:54:54.942504", "logger": "cache"}
2025-09-16 10:24:54 | INFO | pdf_service | Worker-25564 | {"message": "Using cached text", "data": {"file_path": "D:\\Files\\learning\\books\\The Psychology of Selling.pdf", "text_length": 382870}, "timestamp": "2025-09-16T04:54:54.942504", "logger": "pdf_service"}
2025-09-16 10:50:16 | INFO | pdf_service | Worker-25564 | {"message": "Starting PDF text extraction", "data": {"file_path": "D:\\Files\\learning\\books\\The Psychology of Selling(1).pdf"}, "timestamp": "2025-09-16T05:20:16.631546", "logger": "pdf_service"}
2025-09-16 10:50:16 | INFO | pdf_service | Worker-25564 | {"message": "Cache miss - extracting text from PDF", "data": {"file_path": "D:\\Files\\learning\\books\\The Psychology of Selling(1).pdf"}, "timestamp": "2025-09-16T05:20:16.633054", "logger": "pdf_service"}
2025-09-16 10:50:16 | INFO | pdf_service | Worker-25564 | {"message": "PDF loaded successfully", "data": {"file_path": "D:\\Files\\learning\\books\\The Psychology of Selling(1).pdf", "pages": 257}, "timestamp": "2025-09-16T05:20:16.663062", "logger": "pdf_service"}
2025-09-16 10:50:29 | INFO | pdf_service | Worker-25564 | {"message": "Text extraction completed", "data": {"file_path": "D:\\Files\\learning\\books\\The Psychology of Selling(1).pdf", "extracted_length": 382870}, "timestamp": "2025-09-16T05:20:29.492602", "logger": "pdf_service"}
2025-09-16 10:50:29 | INFO | cache | Worker-25564 | {"message": "Successfully cached text", "data": {"file_path": "D:\\Files\\learning\\books\\The Psychology of Selling(1).pdf", "cache_key": "2f1a9865737f41a028e668a40630e7e5"}, "timestamp": "2025-09-16T05:20:29.552836", "logger": "cache"}
2025-09-16 10:50:29 | INFO | pdf_service | Worker-25564 | {"message": "Successfully cached extracted text", "data": {"file_path": "D:\\Files\\learning\\books\\The Psychology of Selling(1).pdf"}, "timestamp": "2025-09-16T05:20:29.552836", "logger": "pdf_service"}
2025-09-16 10:50:29 | INFO | pdf_service | Worker-25564 | {"message": "Starting PDF text extraction", "data": {"file_path": "D:\\Files\\learning\\books\\The Psychology of Selling(1).pdf"}, "timestamp": "2025-09-16T05:20:29.565348", "logger": "pdf_service"}
2025-09-16 10:50:29 | INFO | cache | Worker-25564 | {"message": "Cache hit", "data": {"file_path": "D:\\Files\\learning\\books\\The Psychology of Selling(1).pdf", "cached_at": "2025-09-16T10:50:29.494615"}, "timestamp": "2025-09-16T05:20:29.573344", "logger": "cache"}
2025-09-16 10:50:29 | INFO | pdf_service | Worker-25564 | {"message": "Using cached text", "data": {"file_path": "D:\\Files\\learning\\books\\The Psychology of Selling(1).pdf", "text_length": 382870}, "timestamp": "2025-09-16T05:20:29.573344", "logger": "pdf_service"}
2025-09-16 10:50:40 | INFO | services.auth_service | Worker-25564 | User logged out
2025-09-16 10:51:52 | INFO | services.auth_service | Worker-25564 | === LOGIN ATTEMPT DEBUG ===
2025-09-16 10:51:52 | INFO | services.auth_service | Worker-25564 | Received username: 'vsbec' (length: 5)
2025-09-16 10:51:52 | INFO | services.auth_service | Worker-25564 | Received password: 'vabec' (length: 5)
2025-09-16 10:51:52 | INFO | services.auth_service | Worker-25564 | Expected username: 'vsbec' (length: 5)
2025-09-16 10:51:52 | INFO | services.auth_service | Worker-25564 | Expected password: 'vsbec' (length: 5)
2025-09-16 10:51:52 | INFO | services.auth_service | Worker-25564 | Username match: True
2025-09-16 10:51:52 | INFO | services.auth_service | Worker-25564 | Password match: False
2025-09-16 10:51:52 | INFO | services.auth_service | Worker-25564 | === END DEBUG ===
2025-09-16 10:51:57 | INFO | services.auth_service | Worker-25564 | === LOGIN ATTEMPT DEBUG ===
2025-09-16 10:51:57 | INFO | services.auth_service | Worker-25564 | Received username: 'vsbec' (length: 5)
2025-09-16 10:51:57 | INFO | services.auth_service | Worker-25564 | Received password: 'vsbec' (length: 5)
2025-09-16 10:51:57 | INFO | services.auth_service | Worker-25564 | Expected username: 'vsbec' (length: 5)
2025-09-16 10:51:57 | INFO | services.auth_service | Worker-25564 | Expected password: 'vsbec' (length: 5)
2025-09-16 10:51:57 | INFO | services.auth_service | Worker-25564 | Username match: True
2025-09-16 10:51:57 | INFO | services.auth_service | Worker-25564 | Password match: True
2025-09-16 10:51:57 | INFO | services.auth_service | Worker-25564 | === END DEBUG ===
2025-09-16 10:52:02 | INFO | pdf_service | Worker-25564 | {"message": "Starting PDF text extraction", "data": {"file_path": "D:\\Files\\learning\\books\\The Psychology of Selling(2).pdf"}, "timestamp": "2025-09-16T05:22:02.532708", "logger": "pdf_service"}
2025-09-16 10:52:02 | INFO | pdf_service | Worker-25564 | {"message": "Cache miss - extracting text from PDF", "data": {"file_path": "D:\\Files\\learning\\books\\The Psychology of Selling(2).pdf"}, "timestamp": "2025-09-16T05:22:02.533708", "logger": "pdf_service"}
2025-09-16 10:52:02 | INFO | pdf_service | Worker-25564 | {"message": "PDF loaded successfully", "data": {"file_path": "D:\\Files\\learning\\books\\The Psychology of Selling(2).pdf", "pages": 257}, "timestamp": "2025-09-16T05:22:02.571787", "logger": "pdf_service"}
2025-09-16 10:52:14 | INFO | pdf_service | Worker-25564 | {"message": "Text extraction completed", "data": {"file_path": "D:\\Files\\learning\\books\\The Psychology of Selling(2).pdf", "extracted_length": 382870}, "timestamp": "2025-09-16T05:22:14.552290", "logger": "pdf_service"}
2025-09-16 10:52:14 | INFO | cache | Worker-25564 | {"message": "Successfully cached text", "data": {"file_path": "D:\\Files\\learning\\books\\The Psychology of Selling(2).pdf", "cache_key": "ac855223f7252a15f5fbbf0e3fed1a2a"}, "timestamp": "2025-09-16T05:22:14.561289", "logger": "cache"}
2025-09-16 10:52:14 | INFO | pdf_service | Worker-25564 | {"message": "Successfully cached extracted text", "data": {"file_path": "D:\\Files\\learning\\books\\The Psychology of Selling(2).pdf"}, "timestamp": "2025-09-16T05:22:14.562297", "logger": "pdf_service"}
2025-09-16 10:52:14 | INFO | pdf_service | Worker-25564 | {"message": "Starting PDF text extraction", "data": {"file_path": "D:\\Files\\learning\\books\\The Psychology of Selling(2).pdf"}, "timestamp": "2025-09-16T05:22:14.568296", "logger": "pdf_service"}
2025-09-16 10:52:14 | INFO | cache | Worker-25564 | {"message": "Cache hit", "data": {"file_path": "D:\\Files\\learning\\books\\The Psychology of Selling(2).pdf", "cached_at": "2025-09-16T10:52:14.553289"}, "timestamp": "2025-09-16T05:22:14.584348", "logger": "cache"}
2025-09-16 10:52:14 | INFO | pdf_service | Worker-25564 | {"message": "Using cached text", "data": {"file_path": "D:\\Files\\learning\\books\\The Psychology of Selling(2).pdf", "text_length": 382870}, "timestamp": "2025-09-16T05:22:14.585346", "logger": "pdf_service"}
2025-09-16 10:52:33 | INFO | chat_service | Worker-25564 | Successfully generated response for token user_b499bb676c46, length: 587
2025-09-16 10:52:49 | INFO | chat_service | Worker-25564 | {"message": "Generating questions", "data": {"token": "user_b499bb676c46", "topic": "", "count": 10, "mode": "practice"}, "timestamp": "2025-09-16T05:22:49.493805", "logger": "chat_service"}
2025-09-16 10:52:49 | INFO | chat_service | Worker-25564 | {"message": "Processing PDF for questions", "data": {"filename": "The Psychology of Selling(2).pdf", "content_length": 382870}, "timestamp": "2025-09-16T05:22:49.493805", "logger": "chat_service"}
2025-09-16 10:52:49 | INFO | chat_service | Worker-25564 | Sending request to Gemini AI
2025-09-16 10:53:06 | INFO | chat_service | Worker-25564 | Gemini AI response received
2025-09-16 10:53:06 | INFO | chat_service | Worker-25564 | {"message": "Gemini AI response received", "data": {"response_length": 1262}, "timestamp": "2025-09-16T05:23:06.593163", "logger": "chat_service"}
2025-09-16 10:53:15 | INFO | chat_service | Worker-25564 | Successfully generated response for token user_b499bb676c46, length: 925
2025-09-16 10:53:27 | INFO | chat_service | Worker-25564 | Successfully generated response for token user_b499bb676c46, length: 2859
2025-09-16 10:53:39 | INFO | chat_service | Worker-25564 | {"message": "Generating questions", "data": {"token": "user_b499bb676c46", "topic": "", "count": 10, "mode": "quiz"}, "timestamp": "2025-09-16T05:23:39.372936", "logger": "chat_service"}
2025-09-16 10:53:39 | INFO | chat_service | Worker-25564 | {"message": "Processing PDF for questions", "data": {"filename": "The Psychology of Selling(2).pdf", "content_length": 382870}, "timestamp": "2025-09-16T05:23:39.380449", "logger": "chat_service"}
2025-09-16 10:53:39 | INFO | chat_service | Worker-25564 | Sending request to Gemini AI
2025-09-16 10:53:56 | INFO | chat_service | Worker-25564 | Gemini AI response received
2025-09-16 10:53:56 | INFO | chat_service | Worker-25564 | {"message": "Gemini AI response received", "data": {"response_length": 3682}, "timestamp": "2025-09-16T05:23:56.243406", "logger": "chat_service"}
2025-09-16 10:58:10 | WARNING | chat_service | Worker-25564 | AI generation attempt 1 failed: Timeout of 60.0s exceeded, last exception: 503 failed to connect to all addresses; last error: UNKNOWN: ipv4:142.250.206.10:443: tcp handshaker shutdown
2025-09-16 10:59:06 | WARNING | chat_service | Worker-25564 | AI generation attempt 2 failed: Timeout of 60.0s exceeded, last exception: 503 failed to connect to all addresses; last error: UNKNOWN: ipv4:142.250.205.106:443: socket is null
2025-09-16 10:59:06 | ERROR | chat_service | Worker-25564 | All 2 AI generation attempts failed: Timeout of 60.0s exceeded, last exception: 503 failed to connect to all addresses; last error: UNKNOWN: ipv4:142.250.205.106:443: socket is null
Traceback (most recent call last):
  File "D:\Files\learning\backend\.venv\Lib\site-packages\google\api_core\grpc_helpers.py", line 76, in error_remapped_callable
    return callable_(*args, **kwargs)
           ^^^^^^^^^^^^^^^^^^^^^^^^^^
  File "D:\Files\learning\backend\.venv\Lib\site-packages\grpc\_channel.py", line 1178, in __call__
    return _end_unary_response_blocking(state, call, False, None)
           ^^^^^^^^^^^^^^^^^^^^^^^^^^^^^^^^^^^^^^^^^^^^^^^^^^^^^^
  File "D:\Files\learning\backend\.venv\Lib\site-packages\grpc\_channel.py", line 1006, in _end_unary_response_blocking
    raise _InactiveRpcError(state)  # pytype: disable=not-instantiable
    ^^^^^^^^^^^^^^^^^^^^^^^^^^^^^^
grpc._channel._InactiveRpcError: <_InactiveRpcError of RPC that terminated with:
	status = StatusCode.UNAVAILABLE
	details = "failed to connect to all addresses; last error: UNKNOWN: ipv4:142.250.205.106:443: socket is null"
	debug_error_string = "UNKNOWN:Error received from peer  {grpc_message:"failed to connect to all addresses; last error: UNKNOWN: ipv4:142.250.205.106:443: socket is null", grpc_status:14}"
>

The above exception was the direct cause of the following exception:

Traceback (most recent call last):
  File "D:\Files\learning\backend\.venv\Lib\site-packages\google\api_core\retry\retry_unary.py", line 147, in retry_target
    result = target()
             ^^^^^^^^
  File "D:\Files\learning\backend\.venv\Lib\site-packages\google\api_core\timeout.py", line 130, in func_with_timeout
    return func(*args, **kwargs)
           ^^^^^^^^^^^^^^^^^^^^^
  File "D:\Files\learning\backend\.venv\Lib\site-packages\google\api_core\grpc_helpers.py", line 78, in error_remapped_callable
    raise exceptions.from_grpc_error(exc) from exc
google.api_core.exceptions.ServiceUnavailable: 503 failed to connect to all addresses; last error: UNKNOWN: ipv4:142.250.205.106:443: socket is null

The above exception was the direct cause of the following exception:

Traceback (most recent call last):
  File "D:\Files\learning\backend\services\chat_service.py", line 166, in generate_content_async
    response = await loop.run_in_executor(
               ^^^^^^^^^^^^^^^^^^^^^^^^^^^
  File "C:\Users\Samyukth\AppData\Local\Programs\Python\Python311\Lib\concurrent\futures\thread.py", line 58, in run
    result = self.fn(*self.args, **self.kwargs)
             ^^^^^^^^^^^^^^^^^^^^^^^^^^^^^^^^^^
  File "D:\Files\learning\backend\services\chat_service.py", line 168, in <lambda>
    lambda: model.generate_content(context)
            ^^^^^^^^^^^^^^^^^^^^^^^^^^^^^^^
  File "D:\Files\learning\backend\.venv\Lib\site-packages\google\generativeai\generative_models.py", line 248, in generate_content
    response = self._client.generate_content(request)
               ^^^^^^^^^^^^^^^^^^^^^^^^^^^^^^^^^^^^^^
  File "D:\Files\learning\backend\.venv\Lib\site-packages\google\ai\generativelanguage_v1beta\services\generative_service\client.py", line 566, in generate_content
    response = rpc(
               ^^^^
  File "D:\Files\learning\backend\.venv\Lib\site-packages\google\api_core\gapic_v1\method.py", line 131, in __call__
    return wrapped_func(*args, **kwargs)
           ^^^^^^^^^^^^^^^^^^^^^^^^^^^^^
  File "D:\Files\learning\backend\.venv\Lib\site-packages\google\api_core\retry\retry_unary.py", line 294, in retry_wrapped_func
    return retry_target(
           ^^^^^^^^^^^^^
  File "D:\Files\learning\backend\.venv\Lib\site-packages\google\api_core\retry\retry_unary.py", line 156, in retry_target
    next_sleep = _retry_error_helper(
                 ^^^^^^^^^^^^^^^^^^^^
  File "D:\Files\learning\backend\.venv\Lib\site-packages\google\api_core\retry\retry_base.py", line 229, in _retry_error_helper
    raise final_exc from source_exc
google.api_core.exceptions.RetryError: Timeout of 60.0s exceeded, last exception: 503 failed to connect to all addresses; last error: UNKNOWN: ipv4:142.250.205.106:443: socket is null
2025-09-16 10:59:06 | ERROR | chat_service | Worker-25564 | Failed to generate response for token user_b499bb676c46: Timeout of 60.0s exceeded, last exception: 503 failed to connect to all addresses; last error: UNKNOWN: ipv4:142.250.205.106:443: socket is null
Traceback (most recent call last):
  File "D:\Files\learning\backend\.venv\Lib\site-packages\google\api_core\grpc_helpers.py", line 76, in error_remapped_callable
    return callable_(*args, **kwargs)
           ^^^^^^^^^^^^^^^^^^^^^^^^^^
  File "D:\Files\learning\backend\.venv\Lib\site-packages\grpc\_channel.py", line 1178, in __call__
    return _end_unary_response_blocking(state, call, False, None)
           ^^^^^^^^^^^^^^^^^^^^^^^^^^^^^^^^^^^^^^^^^^^^^^^^^^^^^^
  File "D:\Files\learning\backend\.venv\Lib\site-packages\grpc\_channel.py", line 1006, in _end_unary_response_blocking
    raise _InactiveRpcError(state)  # pytype: disable=not-instantiable
    ^^^^^^^^^^^^^^^^^^^^^^^^^^^^^^
grpc._channel._InactiveRpcError: <_InactiveRpcError of RPC that terminated with:
	status = StatusCode.UNAVAILABLE
	details = "failed to connect to all addresses; last error: UNKNOWN: ipv4:142.250.205.106:443: socket is null"
	debug_error_string = "UNKNOWN:Error received from peer  {grpc_message:"failed to connect to all addresses; last error: UNKNOWN: ipv4:142.250.205.106:443: socket is null", grpc_status:14}"
>

The above exception was the direct cause of the following exception:

Traceback (most recent call last):
  File "D:\Files\learning\backend\.venv\Lib\site-packages\google\api_core\retry\retry_unary.py", line 147, in retry_target
    result = target()
             ^^^^^^^^
  File "D:\Files\learning\backend\.venv\Lib\site-packages\google\api_core\timeout.py", line 130, in func_with_timeout
    return func(*args, **kwargs)
           ^^^^^^^^^^^^^^^^^^^^^
  File "D:\Files\learning\backend\.venv\Lib\site-packages\google\api_core\grpc_helpers.py", line 78, in error_remapped_callable
    raise exceptions.from_grpc_error(exc) from exc
google.api_core.exceptions.ServiceUnavailable: 503 failed to connect to all addresses; last error: UNKNOWN: ipv4:142.250.205.106:443: socket is null

The above exception was the direct cause of the following exception:

Traceback (most recent call last):
  File "D:\Files\learning\backend\services\chat_service.py", line 277, in chat
    ai_response = await generate_content_async(rotated_model, context)
                  ^^^^^^^^^^^^^^^^^^^^^^^^^^^^^^^^^^^^^^^^^^^^^^^^^^^^
  File "D:\Files\learning\backend\services\chat_service.py", line 166, in generate_content_async
    response = await loop.run_in_executor(
               ^^^^^^^^^^^^^^^^^^^^^^^^^^^
  File "C:\Users\Samyukth\AppData\Local\Programs\Python\Python311\Lib\concurrent\futures\thread.py", line 58, in run
    result = self.fn(*self.args, **self.kwargs)
             ^^^^^^^^^^^^^^^^^^^^^^^^^^^^^^^^^^
  File "D:\Files\learning\backend\services\chat_service.py", line 168, in <lambda>
    lambda: model.generate_content(context)
            ^^^^^^^^^^^^^^^^^^^^^^^^^^^^^^^
  File "D:\Files\learning\backend\.venv\Lib\site-packages\google\generativeai\generative_models.py", line 248, in generate_content
    response = self._client.generate_content(request)
               ^^^^^^^^^^^^^^^^^^^^^^^^^^^^^^^^^^^^^^
  File "D:\Files\learning\backend\.venv\Lib\site-packages\google\ai\generativelanguage_v1beta\services\generative_service\client.py", line 566, in generate_content
    response = rpc(
               ^^^^
  File "D:\Files\learning\backend\.venv\Lib\site-packages\google\api_core\gapic_v1\method.py", line 131, in __call__
    return wrapped_func(*args, **kwargs)
           ^^^^^^^^^^^^^^^^^^^^^^^^^^^^^
  File "D:\Files\learning\backend\.venv\Lib\site-packages\google\api_core\retry\retry_unary.py", line 294, in retry_wrapped_func
    return retry_target(
           ^^^^^^^^^^^^^
  File "D:\Files\learning\backend\.venv\Lib\site-packages\google\api_core\retry\retry_unary.py", line 156, in retry_target
    next_sleep = _retry_error_helper(
                 ^^^^^^^^^^^^^^^^^^^^
  File "D:\Files\learning\backend\.venv\Lib\site-packages\google\api_core\retry\retry_base.py", line 229, in _retry_error_helper
    raise final_exc from source_exc
google.api_core.exceptions.RetryError: Timeout of 60.0s exceeded, last exception: 503 failed to connect to all addresses; last error: UNKNOWN: ipv4:142.250.205.106:443: socket is null
2025-09-16 14:18:48 | INFO | chat_service | Worker-25564 | Successfully generated response for token user_b499bb676c46, length: 7222
2025-09-16 14:18:56 | INFO | chat_service | Worker-25564 | {"message": "Generating questions", "data": {"token": "user_b499bb676c46", "topic": "", "count": 10, "mode": "quiz"}, "timestamp": "2025-09-16T08:48:56.785820", "logger": "chat_service"}
2025-09-16 14:18:56 | INFO | chat_service | Worker-25564 | {"message": "Processing PDF for questions", "data": {"filename": "The Psychology of Selling(2).pdf", "content_length": 382870}, "timestamp": "2025-09-16T08:48:56.789832", "logger": "chat_service"}
2025-09-16 14:18:56 | INFO | chat_service | Worker-25564 | Sending request to Gemini AI
2025-09-16 14:19:06 | INFO | chat_service | Worker-25564 | Gemini AI response received
2025-09-16 14:19:06 | INFO | chat_service | Worker-25564 | {"message": "Gemini AI response received", "data": {"response_length": 3859}, "timestamp": "2025-09-16T08:49:06.987665", "logger": "chat_service"}
2025-09-16 14:24:10 | INFO | chat_service | Worker-25564 | {"message": "Generating questions", "data": {"token": "user_b499bb676c46", "topic": "", "count": 10, "mode": "quiz"}, "timestamp": "2025-09-16T08:54:10.188211", "logger": "chat_service"}
2025-09-16 14:24:10 | INFO | chat_service | Worker-25564 | {"message": "Processing PDF for questions", "data": {"filename": "The Psychology of Selling(2).pdf", "content_length": 382870}, "timestamp": "2025-09-16T08:54:10.190209", "logger": "chat_service"}
2025-09-16 14:24:10 | INFO | chat_service | Worker-25564 | Sending request to Gemini AI
2025-09-16 14:24:18 | INFO | chat_service | Worker-25564 | Gemini AI response received
2025-09-16 14:24:18 | INFO | chat_service | Worker-25564 | {"message": "Gemini AI response received", "data": {"response_length": 4130}, "timestamp": "2025-09-16T08:54:18.571473", "logger": "chat_service"}
2025-09-16 14:25:40 | INFO | pdf_service | Worker-31472 | {"message": "Starting PDF text extraction", "data": {"file_path": "D:\\Files\\learning\\books\\The Psychology of Selling(3).pdf"}, "timestamp": "2025-09-16T08:55:40.991675", "logger": "pdf_service"}
2025-09-16 14:25:40 | INFO | pdf_service | Worker-31472 | {"message": "Cache miss - extracting text from PDF", "data": {"file_path": "D:\\Files\\learning\\books\\The Psychology of Selling(3).pdf"}, "timestamp": "2025-09-16T08:55:40.992674", "logger": "pdf_service"}
2025-09-16 14:25:41 | INFO | pdf_service | Worker-31472 | {"message": "PDF loaded successfully", "data": {"file_path": "D:\\Files\\learning\\books\\The Psychology of Selling(3).pdf", "pages": 257}, "timestamp": "2025-09-16T08:55:41.114886", "logger": "pdf_service"}
2025-09-16 14:25:52 | INFO | pdf_service | Worker-31472 | {"message": "Text extraction completed", "data": {"file_path": "D:\\Files\\learning\\books\\The Psychology of Selling(3).pdf", "extracted_length": 382870}, "timestamp": "2025-09-16T08:55:52.350006", "logger": "pdf_service"}
2025-09-16 14:25:52 | INFO | cache | Worker-31472 | {"message": "Successfully cached text", "data": {"file_path": "D:\\Files\\learning\\books\\The Psychology of Selling(3).pdf", "cache_key": "91b82c5598add437785f1b11c3ade289"}, "timestamp": "2025-09-16T08:55:52.405953", "logger": "cache"}
2025-09-16 14:25:52 | INFO | pdf_service | Worker-31472 | {"message": "Successfully cached extracted text", "data": {"file_path": "D:\\Files\\learning\\books\\The Psychology of Selling(3).pdf"}, "timestamp": "2025-09-16T08:55:52.406950", "logger": "pdf_service"}
2025-09-16 14:25:52 | INFO | pdf_service | Worker-31472 | {"message": "Starting PDF text extraction", "data": {"file_path": "D:\\Files\\learning\\books\\The Psychology of Selling(3).pdf"}, "timestamp": "2025-09-16T08:55:52.413949", "logger": "pdf_service"}
2025-09-16 14:25:52 | INFO | cache | Worker-31472 | {"message": "Cache hit", "data": {"file_path": "D:\\Files\\learning\\books\\The Psychology of Selling(3).pdf", "cached_at": "2025-09-16T14:25:52.351007"}, "timestamp": "2025-09-16T08:55:52.421454", "logger": "cache"}
2025-09-16 14:25:52 | INFO | pdf_service | Worker-31472 | {"message": "Using cached text", "data": {"file_path": "D:\\Files\\learning\\books\\The Psychology of Selling(3).pdf", "text_length": 382870}, "timestamp": "2025-09-16T08:55:52.422454", "logger": "pdf_service"}
2025-09-16 14:26:13 | INFO | chat_service | Worker-31472 | {"message": "Generating questions", "data": {"token": "user_b499bb676c46", "topic": "", "count": 10, "mode": "quiz"}, "timestamp": "2025-09-16T08:56:13.713655", "logger": "chat_service"}
2025-09-16 14:26:13 | INFO | chat_service | Worker-31472 | {"message": "Processing PDF for questions", "data": {"filename": "The Psychology of Selling(3).pdf", "content_length": 382870}, "timestamp": "2025-09-16T08:56:13.715659", "logger": "chat_service"}
2025-09-16 14:26:13 | INFO | chat_service | Worker-31472 | Sending request to Gemini AI
2025-09-16 14:26:33 | INFO | chat_service | Worker-31472 | Gemini AI response received
2025-09-16 14:26:33 | INFO | chat_service | Worker-31472 | {"message": "Gemini AI response received", "data": {"response_length": 4921}, "timestamp": "2025-09-16T08:56:33.395007", "logger": "chat_service"}
2025-09-22 12:04:06 | INFO | services.auth_service | Worker-19392 | === LOGIN ATTEMPT DEBUG ===
2025-09-22 12:04:06 | INFO | services.auth_service | Worker-19392 | Received username: 'vsbec' (length: 5)
2025-09-22 12:04:06 | INFO | services.auth_service | Worker-19392 | Received password: 'vsbec' (length: 5)
2025-09-22 12:04:06 | INFO | services.auth_service | Worker-19392 | Expected username: 'vsbec' (length: 5)
2025-09-22 12:04:06 | INFO | services.auth_service | Worker-19392 | Expected password: 'vsbec' (length: 5)
2025-09-22 12:04:06 | INFO | services.auth_service | Worker-19392 | Username match: True
2025-09-22 12:04:06 | INFO | services.auth_service | Worker-19392 | Password match: True
2025-09-22 12:04:06 | INFO | services.auth_service | Worker-19392 | === END DEBUG ===
2025-09-22 12:04:17 | INFO | pdf_service | Worker-19392 | {"message": "Starting PDF text extraction", "data": {"file_path": "C:\\Shyamnath\\learning\\books\\computer programming.pdf"}, "timestamp": "2025-09-22T06:34:17.952672", "logger": "pdf_service"}
2025-09-22 12:04:17 | INFO | pdf_service | Worker-19392 | {"message": "Cache miss - extracting text from PDF", "data": {"file_path": "C:\\Shyamnath\\learning\\books\\computer programming.pdf"}, "timestamp": "2025-09-22T06:34:17.954064", "logger": "pdf_service"}
2025-09-22 12:04:18 | INFO | pdf_service | Worker-19392 | {"message": "PDF loaded successfully", "data": {"file_path": "C:\\Shyamnath\\learning\\books\\computer programming.pdf", "pages": 251}, "timestamp": "2025-09-22T06:34:18.093342", "logger": "pdf_service"}
2025-09-22 12:04:18 | INFO | pdf_service | Worker-19392 | {"message": "Text extraction completed", "data": {"file_path": "C:\\Shyamnath\\learning\\books\\computer programming.pdf", "extracted_length": 0}, "timestamp": "2025-09-22T06:34:18.193401", "logger": "pdf_service"}
2025-09-22 12:04:18 | WARNING | pdf_service | Worker-19392 | {"message": "Very little text extracted", "data": {"file_path": "C:\\Shyamnath\\learning\\books\\computer programming.pdf", "extracted_length": 0, "preview": ""}, "timestamp": "2025-09-22T06:34:18.193401", "logger": "pdf_service"}
2025-09-22 12:04:18 | INFO | cache | Worker-19392 | {"message": "Successfully cached text", "data": {"file_path": "C:\\Shyamnath\\learning\\books\\computer programming.pdf", "cache_key": "7f8f1cc3d676b73d02d58ad379a569f0"}, "timestamp": "2025-09-22T06:34:18.193401", "logger": "cache"}
2025-09-22 12:04:18 | INFO | pdf_service | Worker-19392 | {"message": "Successfully cached extracted text", "data": {"file_path": "C:\\Shyamnath\\learning\\books\\computer programming.pdf"}, "timestamp": "2025-09-22T06:34:18.193401", "logger": "pdf_service"}
2025-09-22 12:04:18 | INFO | pdf_service | Worker-19392 | {"message": "Starting PDF text extraction", "data": {"file_path": "C:\\Shyamnath\\learning\\books\\computer programming.pdf"}, "timestamp": "2025-09-22T06:34:18.209846", "logger": "pdf_service"}
2025-09-22 12:04:18 | INFO | cache | Worker-19392 | {"message": "Cache hit", "data": {"file_path": "C:\\Shyamnath\\learning\\books\\computer programming.pdf", "cached_at": "2025-09-22T12:04:18.193401"}, "timestamp": "2025-09-22T06:34:18.220853", "logger": "cache"}
2025-09-22 12:04:18 | INFO | pdf_service | Worker-19392 | {"message": "Using cached text", "data": {"file_path": "C:\\Shyamnath\\learning\\books\\computer programming.pdf", "text_length": 0}, "timestamp": "2025-09-22T06:34:18.221846", "logger": "pdf_service"}
2025-09-22 12:04:33 | INFO | chat_service | Worker-19392 | Successfully generated response for token user_8032fe51a8c5, length: 231
2025-09-22 12:04:49 | INFO | pdf_service | Worker-19392 | {"message": "Starting PDF text extraction", "data": {"file_path": "C:\\Shyamnath\\learning\\books\\Interview Questions.pdf"}, "timestamp": "2025-09-22T06:34:49.996392", "logger": "pdf_service"}
2025-09-22 12:04:49 | INFO | pdf_service | Worker-19392 | {"message": "Cache miss - extracting text from PDF", "data": {"file_path": "C:\\Shyamnath\\learning\\books\\Interview Questions.pdf"}, "timestamp": "2025-09-22T06:34:49.996392", "logger": "pdf_service"}
2025-09-22 12:04:50 | INFO | pdf_service | Worker-19392 | {"message": "PDF loaded successfully", "data": {"file_path": "C:\\Shyamnath\\learning\\books\\Interview Questions.pdf", "pages": 6}, "timestamp": "2025-09-22T06:34:50.017992", "logger": "pdf_service"}
2025-09-22 12:04:50 | INFO | pdf_service | Worker-19392 | {"message": "Text extraction completed", "data": {"file_path": "C:\\Shyamnath\\learning\\books\\Interview Questions.pdf", "extracted_length": 11299}, "timestamp": "2025-09-22T06:34:50.314275", "logger": "pdf_service"}
2025-09-22 12:04:50 | INFO | cache | Worker-19392 | {"message": "Successfully cached text", "data": {"file_path": "C:\\Shyamnath\\learning\\books\\Interview Questions.pdf", "cache_key": "bcd381fd7dba6a621efb0fd9e6ea1895"}, "timestamp": "2025-09-22T06:34:50.324529", "logger": "cache"}
2025-09-22 12:04:50 | INFO | pdf_service | Worker-19392 | {"message": "Successfully cached extracted text", "data": {"file_path": "C:\\Shyamnath\\learning\\books\\Interview Questions.pdf"}, "timestamp": "2025-09-22T06:34:50.324529", "logger": "pdf_service"}
2025-09-22 12:04:50 | INFO | pdf_service | Worker-19392 | {"message": "Starting PDF text extraction", "data": {"file_path": "C:\\Shyamnath\\learning\\books\\Interview Questions.pdf"}, "timestamp": "2025-09-22T06:34:50.329789", "logger": "pdf_service"}
2025-09-22 12:04:50 | INFO | cache | Worker-19392 | {"message": "Cache hit", "data": {"file_path": "C:\\Shyamnath\\learning\\books\\Interview Questions.pdf", "cached_at": "2025-09-22T12:04:50.314275"}, "timestamp": "2025-09-22T06:34:50.342415", "logger": "cache"}
2025-09-22 12:04:50 | INFO | pdf_service | Worker-19392 | {"message": "Using cached text", "data": {"file_path": "C:\\Shyamnath\\learning\\books\\Interview Questions.pdf", "text_length": 11299}, "timestamp": "2025-09-22T06:34:50.342415", "logger": "pdf_service"}
2025-09-22 12:05:08 | INFO | chat_service | Worker-19392 | Successfully generated response for token user_8032fe51a8c5, length: 2077
2025-09-22 12:05:27 | INFO | chat_service | Worker-19392 | {"message": "Generating questions", "data": {"token": "user_8032fe51a8c5", "topic": "", "count": 10, "mode": "quiz"}, "timestamp": "2025-09-22T06:35:27.766189", "logger": "chat_service"}
2025-09-22 12:05:27 | INFO | chat_service | Worker-19392 | {"message": "Processing PDF for questions", "data": {"filename": "Interview Questions.pdf", "content_length": 11299}, "timestamp": "2025-09-22T06:35:27.767281", "logger": "chat_service"}
2025-09-22 12:05:27 | INFO | chat_service | Worker-19392 | Sending request to Gemini AI
2025-09-22 12:05:50 | INFO | chat_service | Worker-19392 | Gemini AI response received
2025-09-22 12:05:50 | INFO | chat_service | Worker-19392 | {"message": "Gemini AI response received", "data": {"response_length": 5039}, "timestamp": "2025-09-22T06:35:50.684915", "logger": "chat_service"}
